312527120 , 307902130 ,308419712


[    0.000000] Initializing cgroup subsys cpuset
[    0.000000] Initializing cgroup subsys cpu
[    0.000000] Initializing cgroup subsys cpuacct
[    0.000000] Linux version 3.11.0-15-generic (buildd@allspice) (gcc version 4.6.3 (Ubuntu/Linaro 4.6.3-1ubuntu5) ) #25~precise1-Ubuntu SMP Thu Jan 30 17:39:31 UTC 2014 (Ubuntu 3.11.0-15.25~precise1-generic 3.11.10)
[    0.000000] Command line: BOOT_IMAGE=/boot/vmlinuz-3.11.0-15-generic root=UUID=46f51831-7227-4052-ab3d-07d394d46f5f ro quiet splash
[    0.000000] KERNEL supported cpus:
[    0.000000]   Intel GenuineIntel
[    0.000000]   AMD AuthenticAMD
[    0.000000]   Centaur CentaurHauls
[    0.000000] Disabled fast string operations
[    0.000000] e820: BIOS-provided physical RAM map:
[    0.000000] BIOS-e820: [mem 0x0000000000000000-0x000000000009f3ff] usable
[    0.000000] BIOS-e820: [mem 0x000000000009f400-0x000000000009ffff] reserved
[    0.000000] BIOS-e820: [mem 0x00000000000ca000-0x00000000000cbfff] reserved
[    0.000000] BIOS-e820: [mem 0x00000000000dc000-0x00000000000fffff] reserved
[    0.000000] BIOS-e820: [mem 0x0000000000100000-0x000000003fedffff] usable
[    0.000000] BIOS-e820: [mem 0x000000003fee0000-0x000000003fefefff] ACPI data
[    0.000000] BIOS-e820: [mem 0x000000003feff000-0x000000003fefffff] ACPI NVS
[    0.000000] BIOS-e820: [mem 0x000000003ff00000-0x000000003fffffff] usable
[    0.000000] BIOS-e820: [mem 0x00000000e0000000-0x00000000efffffff] reserved
[    0.000000] BIOS-e820: [mem 0x00000000fec00000-0x00000000fec0ffff] reserved
[    0.000000] BIOS-e820: [mem 0x00000000fee00000-0x00000000fee00fff] reserved
[    0.000000] BIOS-e820: [mem 0x00000000fffe0000-0x00000000ffffffff] reserved
[    0.000000] NX (Execute Disable) protection: active
[    0.000000] SMBIOS 2.4 present.
[    0.000000] DMI: VMware, Inc. VMware Virtual Platform/440BX Desktop Reference Platform, BIOS 6.00 09/20/2012
[    0.000000] Hypervisor detected: VMware
[    0.000000] e820: update [mem 0x00000000-0x00000fff] usable ==> reserved
[    0.000000] e820: remove [mem 0x000a0000-0x000fffff] usable
[    0.000000] No AGP bridge found
[    0.000000] e820: last_pfn = 0x40000 max_arch_pfn = 0x400000000
[    0.000000] MTRR default type: uncachable
[    0.000000] MTRR fixed ranges enabled:
[    0.000000]   00000-9FFFF write-back
[    0.000000]   A0000-BFFFF uncachable
[    0.000000]   C0000-CBFFF write-protect
[    0.000000]   CC000-EFFFF uncachable
[    0.000000]   F0000-FFFFF write-protect
[    0.000000] MTRR variable ranges enabled:
[    0.000000]   0 base 0000000000 mask FFC0000000 write-back
[    0.000000]   1 disabled
[    0.000000]   2 disabled
[    0.000000]   3 disabled
[    0.000000]   4 disabled
[    0.000000]   5 disabled
[    0.000000]   6 disabled
[    0.000000]   7 disabled
[    0.000000] x86 PAT enabled: cpu 0, old 0x0, new 0x7010600070106
[    0.000000] found SMP MP-table at [mem 0x000f6bc0-0x000f6bcf] mapped at [ffff8800000f6bc0]
[    0.000000] Scanning 1 areas for low memory corruption
[    0.000000] Base memory trampoline at [ffff880000099000] 99000 size 24576
[    0.000000] init_memory_mapping: [mem 0x00000000-0x000fffff]
[    0.000000]  [mem 0x00000000-0x000fffff] page 4k
[    0.000000] BRK [0x01fd9000, 0x01fd9fff] PGTABLE
[    0.000000] BRK [0x01fda000, 0x01fdafff] PGTABLE
[    0.000000] BRK [0x01fdb000, 0x01fdbfff] PGTABLE
[    0.000000] init_memory_mapping: [mem 0x3fc00000-0x3fdfffff]
[    0.000000]  [mem 0x3fc00000-0x3fdfffff] page 2M
[    0.000000] init_memory_mapping: [mem 0x3c000000-0x3fbfffff]
[    0.000000]  [mem 0x3c000000-0x3fbfffff] page 2M
[    0.000000] init_memory_mapping: [mem 0x00100000-0x3bffffff]
[    0.000000]  [mem 0x00100000-0x001fffff] page 4k
[    0.000000]  [mem 0x00200000-0x3bffffff] page 2M
[    0.000000] init_memory_mapping: [mem 0x3fe00000-0x3fedffff]
[    0.000000]  [mem 0x3fe00000-0x3fedffff] page 4k
[    0.000000] BRK [0x01fdc000, 0x01fdcfff] PGTABLE
[    0.000000] init_memory_mapping: [mem 0x3ff00000-0x3fffffff]
[    0.000000]  [mem 0x3ff00000-0x3fffffff] page 4k
[    0.000000] RAMDISK: [mem 0x35ea4000-0x36f49fff]
[    0.000000] ACPI: RSDP 00000000000f6b50 00024 (v02 PTLTD )
[    0.000000] ACPI: XSDT 000000003feeec5c 0005C (v01 INTEL  440BX    06040000 VMW  01324272)
[    0.000000] ACPI: FACP 000000003fefee98 000F4 (v04 INTEL  440BX    06040000 PTL  000F4240)
[    0.000000] ACPI: DSDT 000000003feef327 0FB71 (v01 PTLTD  Custom   06040000 MSFT 03000001)
[    0.000000] ACPI: FACS 000000003fefffc0 00040
[    0.000000] ACPI: BOOT 000000003feef2ff 00028 (v01 PTLTD  $SBFTBL$ 06040000  LTP 00000001)
[    0.000000] ACPI: APIC 000000003feef0fd 00202 (v01 PTLTD  ? APIC   06040000  LTP 00000000)
[    0.000000] ACPI: MCFG 000000003feef0c1 0003C (v01 PTLTD  $PCITBL$ 06040000  LTP 00000001)
[    0.000000] ACPI: SRAT 000000003feeed58 002A8 (v02 VMWARE MEMPLUG  06040000 VMW  00000001)
[    0.000000] ACPI: HPET 000000003feeed20 00038 (v01 VMWARE VMW HPET 06040000 VMW  00000001)
[    0.000000] ACPI: WAET 000000003feeecf8 00028 (v01 VMWARE VMW WAET 06040000 VMW  00000001)
[    0.000000] ACPI: Local APIC address 0xfee00000
[    0.000000] SRAT: PXM 0 -> APIC 0x00 -> Node 0
[    0.000000] SRAT: PXM 0 -> APIC 0x01 -> Node 0
[    0.000000] SRAT: PXM 0 -> APIC 0x02 -> Node 0
[    0.000000] SRAT: PXM 0 -> APIC 0x03 -> Node 0
[    0.000000] SRAT: PXM 0 -> APIC 0x04 -> Node 0
[    0.000000] SRAT: PXM 0 -> APIC 0x05 -> Node 0
[    0.000000] SRAT: PXM 0 -> APIC 0x06 -> Node 0
[    0.000000] SRAT: PXM 0 -> APIC 0x07 -> Node 0
[    0.000000] SRAT: PXM 0 -> APIC 0x08 -> Node 0
[    0.000000] SRAT: PXM 0 -> APIC 0x09 -> Node 0
[    0.000000] SRAT: PXM 0 -> APIC 0x0a -> Node 0
[    0.000000] SRAT: PXM 0 -> APIC 0x0b -> Node 0
[    0.000000] SRAT: PXM 0 -> APIC 0x0c -> Node 0
[    0.000000] SRAT: PXM 0 -> APIC 0x0d -> Node 0
[    0.000000] SRAT: PXM 0 -> APIC 0x0e -> Node 0
[    0.000000] SRAT: PXM 0 -> APIC 0x0f -> Node 0
[    0.000000] SRAT: PXM 0 -> APIC 0x10 -> Node 0
[    0.000000] SRAT: PXM 0 -> APIC 0x11 -> Node 0
[    0.000000] SRAT: PXM 0 -> APIC 0x12 -> Node 0
[    0.000000] SRAT: PXM 0 -> APIC 0x13 -> Node 0
[    0.000000] SRAT: PXM 0 -> APIC 0x14 -> Node 0
[    0.000000] SRAT: PXM 0 -> APIC 0x15 -> Node 0
[    0.000000] SRAT: PXM 0 -> APIC 0x16 -> Node 0
[    0.000000] SRAT: PXM 0 -> APIC 0x17 -> Node 0
[    0.000000] SRAT: PXM 0 -> APIC 0x18 -> Node 0
[    0.000000] SRAT: PXM 0 -> APIC 0x19 -> Node 0
[    0.000000] SRAT: PXM 0 -> APIC 0x1a -> Node 0
[    0.000000] SRAT: PXM 0 -> APIC 0x1b -> Node 0
[    0.000000] SRAT: PXM 0 -> APIC 0x1c -> Node 0
[    0.000000] SRAT: PXM 0 -> APIC 0x1d -> Node 0
[    0.000000] SRAT: PXM 0 -> APIC 0x1e -> Node 0
[    0.000000] SRAT: PXM 0 -> APIC 0x1f -> Node 0
[    0.000000] SRAT: Node 0 PXM 0 [mem 0x00000000-0x0009ffff]
[    0.000000] SRAT: Node 0 PXM 0 [mem 0x00100000-0x3fffffff]
[    0.000000] SRAT: Node 0 PXM 0 [mem 0x40000000-0xbfffffff]
[    0.000000] NUMA: Node 0 [mem 0x00000000-0x0009ffff] + [mem 0x00100000-0x3fffffff] -> [mem 0x00000000-0x3fffffff]
[    0.000000] Initmem setup node 0 [mem 0x00000000-0x3fffffff]
[    0.000000]   NODE_DATA [mem 0x3fffb000-0x3fffffff]
[    0.000000]  [ffffea0000000000-ffffea0000ffffff] PMD -> [ffff88003e600000-ffff88003f5fffff] on node 0
[    0.000000] Zone ranges:
[    0.000000]   DMA      [mem 0x00001000-0x00ffffff]
[    0.000000]   DMA32    [mem 0x01000000-0xffffffff]
[    0.000000]   Normal   empty
[    0.000000] Movable zone start for each node
[    0.000000] Early memory node ranges
[    0.000000]   node   0: [mem 0x00001000-0x0009efff]
[    0.000000]   node   0: [mem 0x00100000-0x3fedffff]
[    0.000000]   node   0: [mem 0x3ff00000-0x3fffffff]
[    0.000000] On node 0 totalpages: 262014
[    0.000000]   DMA zone: 64 pages used for memmap
[    0.000000]   DMA zone: 21 pages reserved
[    0.000000]   DMA zone: 3998 pages, LIFO batch:0
[    0.000000]   DMA32 zone: 4032 pages used for memmap
[    0.000000]   DMA32 zone: 258016 pages, LIFO batch:31
[    0.000000] ACPI: PM-Timer IO Port: 0x1008
[    0.000000] ACPI: Local APIC address 0xfee00000
[    0.000000] ACPI: LAPIC (acpi_id[0x00] lapic_id[0x00] enabled)
[    0.000000] ACPI: LAPIC (acpi_id[0x01] lapic_id[0x01] disabled)
[    0.000000] ACPI: LAPIC (acpi_id[0x02] lapic_id[0x02] disabled)
[    0.000000] ACPI: LAPIC (acpi_id[0x03] lapic_id[0x03] disabled)
[    0.000000] ACPI: LAPIC (acpi_id[0x04] lapic_id[0x04] disabled)
[    0.000000] ACPI: LAPIC (acpi_id[0x05] lapic_id[0x05] disabled)
[    0.000000] ACPI: LAPIC (acpi_id[0x06] lapic_id[0x06] disabled)
[    0.000000] ACPI: LAPIC (acpi_id[0x07] lapic_id[0x07] disabled)
[    0.000000] ACPI: LAPIC (acpi_id[0x08] lapic_id[0x08] disabled)
[    0.000000] ACPI: LAPIC (acpi_id[0x09] lapic_id[0x09] disabled)
[    0.000000] ACPI: LAPIC (acpi_id[0x0a] lapic_id[0x0a] disabled)
[    0.000000] ACPI: LAPIC (acpi_id[0x0b] lapic_id[0x0b] disabled)
[    0.000000] ACPI: LAPIC (acpi_id[0x0c] lapic_id[0x0c] disabled)
[    0.000000] ACPI: LAPIC (acpi_id[0x0d] lapic_id[0x0d] disabled)
[    0.000000] ACPI: LAPIC (acpi_id[0x0e] lapic_id[0x0e] disabled)
[    0.000000] ACPI: LAPIC (acpi_id[0x0f] lapic_id[0x0f] disabled)
[    0.000000] ACPI: LAPIC (acpi_id[0x10] lapic_id[0x10] disabled)
[    0.000000] ACPI: LAPIC (acpi_id[0x11] lapic_id[0x11] disabled)
[    0.000000] ACPI: LAPIC (acpi_id[0x12] lapic_id[0x12] disabled)
[    0.000000] ACPI: LAPIC (acpi_id[0x13] lapic_id[0x13] disabled)
[    0.000000] ACPI: LAPIC (acpi_id[0x14] lapic_id[0x14] disabled)
[    0.000000] ACPI: LAPIC (acpi_id[0x15] lapic_id[0x15] disabled)
[    0.000000] ACPI: LAPIC (acpi_id[0x16] lapic_id[0x16] disabled)
[    0.000000] ACPI: LAPIC (acpi_id[0x17] lapic_id[0x17] disabled)
[    0.000000] ACPI: LAPIC (acpi_id[0x18] lapic_id[0x18] disabled)
[    0.000000] ACPI: LAPIC (acpi_id[0x19] lapic_id[0x19] disabled)
[    0.000000] ACPI: LAPIC (acpi_id[0x1a] lapic_id[0x1a] disabled)
[    0.000000] ACPI: LAPIC (acpi_id[0x1b] lapic_id[0x1b] disabled)
[    0.000000] ACPI: LAPIC (acpi_id[0x1c] lapic_id[0x1c] disabled)
[    0.000000] ACPI: LAPIC (acpi_id[0x1d] lapic_id[0x1d] disabled)
[    0.000000] ACPI: LAPIC (acpi_id[0x1e] lapic_id[0x1e] disabled)
[    0.000000] ACPI: LAPIC (acpi_id[0x1f] lapic_id[0x1f] disabled)
[    0.000000] ACPI: LAPIC_NMI (acpi_id[0x00] high edge lint[0x1])
[    0.000000] ACPI: LAPIC_NMI (acpi_id[0x01] high edge lint[0x1])
[    0.000000] ACPI: LAPIC_NMI (acpi_id[0x02] high edge lint[0x1])
[    0.000000] ACPI: LAPIC_NMI (acpi_id[0x03] high edge lint[0x1])
[    0.000000] ACPI: LAPIC_NMI (acpi_id[0x04] high edge lint[0x1])
[    0.000000] ACPI: LAPIC_NMI (acpi_id[0x05] high edge lint[0x1])
[    0.000000] ACPI: LAPIC_NMI (acpi_id[0x06] high edge lint[0x1])
[    0.000000] ACPI: LAPIC_NMI (acpi_id[0x07] high edge lint[0x1])
[    0.000000] ACPI: LAPIC_NMI (acpi_id[0x08] high edge lint[0x1])
[    0.000000] ACPI: LAPIC_NMI (acpi_id[0x09] high edge lint[0x1])
[    0.000000] ACPI: LAPIC_NMI (acpi_id[0x0a] high edge lint[0x1])
[    0.000000] ACPI: LAPIC_NMI (acpi_id[0x0b] high edge lint[0x1])
[    0.000000] ACPI: LAPIC_NMI (acpi_id[0x0c] high edge lint[0x1])
[    0.000000] ACPI: LAPIC_NMI (acpi_id[0x0d] high edge lint[0x1])
[    0.000000] ACPI: LAPIC_NMI (acpi_id[0x0e] high edge lint[0x1])
[    0.000000] ACPI: LAPIC_NMI (acpi_id[0x0f] high edge lint[0x1])
[    0.000000] ACPI: LAPIC_NMI (acpi_id[0x10] high edge lint[0x1])
[    0.000000] ACPI: LAPIC_NMI (acpi_id[0x11] high edge lint[0x1])
[    0.000000] ACPI: LAPIC_NMI (acpi_id[0x12] high edge lint[0x1])
[    0.000000] ACPI: LAPIC_NMI (acpi_id[0x13] high edge lint[0x1])
[    0.000000] ACPI: LAPIC_NMI (acpi_id[0x14] high edge lint[0x1])
[    0.000000] ACPI: LAPIC_NMI (acpi_id[0x15] high edge lint[0x1])
[    0.000000] ACPI: LAPIC_NMI (acpi_id[0x16] high edge lint[0x1])
[    0.000000] ACPI: LAPIC_NMI (acpi_id[0x17] high edge lint[0x1])
[    0.000000] ACPI: LAPIC_NMI (acpi_id[0x18] high edge lint[0x1])
[    0.000000] ACPI: LAPIC_NMI (acpi_id[0x19] high edge lint[0x1])
[    0.000000] ACPI: LAPIC_NMI (acpi_id[0x1a] high edge lint[0x1])
[    0.000000] ACPI: LAPIC_NMI (acpi_id[0x1b] high edge lint[0x1])
[    0.000000] ACPI: LAPIC_NMI (acpi_id[0x1c] high edge lint[0x1])
[    0.000000] ACPI: LAPIC_NMI (acpi_id[0x1d] high edge lint[0x1])
[    0.000000] ACPI: LAPIC_NMI (acpi_id[0x1e] high edge lint[0x1])
[    0.000000] ACPI: LAPIC_NMI (acpi_id[0x1f] high edge lint[0x1])
[    0.000000] ACPI: IOAPIC (id[0x20] address[0xfec00000] gsi_base[0])
[    0.000000] IOAPIC[0]: apic_id 32, version 17, address 0xfec00000, GSI 0-23
[    0.000000] ACPI: INT_SRC_OVR (bus 0 bus_irq 0 global_irq 2 high edge)
[    0.000000] ACPI: IRQ0 used by override.
[    0.000000] ACPI: IRQ2 used by override.
[    0.000000] ACPI: IRQ9 used by override.
[    0.000000] Using ACPI (MADT) for SMP configuration information
[    0.000000] ACPI: HPET id: 0x8086af01 base: 0xfed00000
[    0.000000] smpboot: Allowing 32 CPUs, 31 hotplug CPUs
[    0.000000] nr_irqs_gsi: 40
[    0.000000] PM: Registered nosave memory: [mem 0x0009f000-0x0009ffff]
[    0.000000] PM: Registered nosave memory: [mem 0x000a0000-0x000c9fff]
[    0.000000] PM: Registered nosave memory: [mem 0x000ca000-0x000cbfff]
[    0.000000] PM: Registered nosave memory: [mem 0x000cc000-0x000dbfff]
[    0.000000] PM: Registered nosave memory: [mem 0x000dc000-0x000fffff]
[    0.000000] PM: Registered nosave memory: [mem 0x3fee0000-0x3fefefff]
[    0.000000] PM: Registered nosave memory: [mem 0x3feff000-0x3fefffff]
[    0.000000] e820: [mem 0x40000000-0xdfffffff] available for PCI devices
[    0.000000] Booting paravirtualized kernel on bare hardware
[    0.000000] setup_percpu: NR_CPUS:256 nr_cpumask_bits:256 nr_cpu_ids:32 nr_node_ids:1
[    0.000000] PERCPU: Embedded 29 pages/cpu @ffff88003fa00000 s86720 r8192 d23872 u131072
[    0.000000] pcpu-alloc: s86720 r8192 d23872 u131072 alloc=1*2097152
[    0.000000] pcpu-alloc: [0] 00 01 02 03 04 05 06 07 08 09 10 11 12 13 14 15 
[    0.000000] pcpu-alloc: [0] 16 17 18 19 20 21 22 23 24 25 26 27 28 29 30 31 
[    0.000000] Built 1 zonelists in Node order, mobility grouping on.  Total pages: 257897
[    0.000000] Policy zone: DMA32
[    0.000000] Kernel command line: BOOT_IMAGE=/boot/vmlinuz-3.11.0-15-generic root=UUID=46f51831-7227-4052-ab3d-07d394d46f5f ro quiet splash
[    0.000000] PID hash table entries: 4096 (order: 3, 32768 bytes)
[    0.000000] xsave: enabled xstate_bv 0x7, cntxt size 0x340
[    0.000000] Checking aperture...
[    0.000000] No AGP bridge found
[    0.000000] Calgary: detecting Calgary via BIOS EBDA area
[    0.000000] Calgary: Unable to locate Rio Grande table in EBDA - bailing!
[    0.000000] Memory: 994304K/1048056K available (7507K kernel code, 1079K rwdata, 4076K rodata, 1392K init, 1428K bss, 53752K reserved)
[    0.000000] SLUB: HWalign=64, Order=0-3, MinObjects=0, CPUs=32, Nodes=1
[    0.000000] Hierarchical RCU implementation.
[    0.000000] 	RCU dyntick-idle grace-period acceleration is enabled.
[    0.000000] 	RCU restricting CPUs from NR_CPUS=256 to nr_cpu_ids=32.
[    0.000000] 	Offload RCU callbacks from all CPUs
[    0.000000] 	Offload RCU callbacks from CPUs: 0-255.
[    0.000000] NR_IRQS:16640 nr_irqs:936 16
[    0.000000] Console: colour VGA+ 80x25
[    0.000000] console [tty0] enabled
[    0.000000] allocated 4194304 bytes of page_cgroup
[    0.000000] please try 'cgroup_disable=memory' option if you don't want memory cgroups
[    0.000000] hpet clockevent registered
[    0.004000] TSC freq read from hypervisor : 1696.145 MHz
[    0.004000] tsc: Detected 1696.145 MHz processor
[    0.000028] Calibrating delay loop (skipped) preset value.. 3392.29 BogoMIPS (lpj=6784580)
[    0.000032] pid_max: default: 32768 minimum: 301
[    0.002099] Security Framework initialized
[    0.015002] AppArmor: AppArmor initialized
[    0.015005] Yama: becoming mindful.
[    0.018086] Dentry cache hash table entries: 131072 (order: 8, 1048576 bytes)
[    0.030126] Inode-cache hash table entries: 65536 (order: 7, 524288 bytes)
[    0.035192] Mount-cache hash table entries: 256
[    0.038385] Initializing cgroup subsys memory
[    0.038397] Initializing cgroup subsys devices
[    0.038400] Initializing cgroup subsys freezer
[    0.038402] Initializing cgroup subsys blkio
[    0.038404] Initializing cgroup subsys perf_event
[    0.038408] Initializing cgroup subsys hugetlb
[    0.038464] Disabled fast string operations
[    0.038468] CPU: Physical Processor ID: 0
[    0.038480] ENERGY_PERF_BIAS: Set to 'normal', was 'performance'
[    0.038480] ENERGY_PERF_BIAS: View and update with x86_energy_perf_policy(8)
[    0.038484] mce: CPU supports 0 MCE banks
[    0.038502] Last level iTLB entries: 4KB 512, 2MB 0, 4MB 0
[    0.038502] Last level dTLB entries: 4KB 512, 2MB 32, 4MB 32
[    0.038502] tlb_flushall_shift: 1
[    0.111029] ACPI: Core revision 20130517
[    0.143142] ACPI: All ACPI Tables successfully acquired
[    0.159112] ftrace: allocating 31294 entries in 123 pages
[    0.286613] Switched APIC routing to physical flat.
[    0.287155] ..TIMER: vector=0x30 apic1=0 pin1=2 apic2=-1 pin2=-1
[    0.402935] smpboot: CPU0: Intel(R) Core(TM) i5-3317U CPU @ 1.70GHz (fam: 06, model: 3a, stepping: 09)
[    0.511084] Performance Events: 16-deep LBR, IvyBridge events, Intel PMU driver.
[    0.511102] perf_event_intel: CPUID marked event: 'cpu cycles' unavailable
[    0.511104] perf_event_intel: CPUID marked event: 'instructions' unavailable
[    0.511106] perf_event_intel: CPUID marked event: 'bus cycles' unavailable
[    0.511108] perf_event_intel: CPUID marked event: 'cache references' unavailable
[    0.511109] perf_event_intel: CPUID marked event: 'cache misses' unavailable
[    0.511111] perf_event_intel: CPUID marked event: 'branch instructions' unavailable
[    0.511112] perf_event_intel: CPUID marked event: 'branch misses' unavailable
[    0.511118] ... version:                3
[    0.511119] ... bit width:              48
[    0.511121] ... generic registers:      4
[    0.511122] ... value mask:             0000ffffffffffff
[    0.511124] ... max period:             000000007fffffff
[    0.511125] ... fixed-purpose events:   3
[    0.511127] ... event mask:             000000070000000f
[    0.523508] Brought up 1 CPUs
[    0.523513] smpboot: Total of 1 processors activated (3392.29 BogoMIPS)
[    0.523694] x86 PAT enabled: cpu 0, old 0x0, new 0x7010600070106
[    0.523712] NMI watchdog: disabled (cpu0): hardware events not enabled
[    0.524634] devtmpfs: initialized
[    0.525746] EVM: security.selinux
[    0.525749] EVM: security.SMACK64
[    0.525751] EVM: security.capability
[    0.525888] PM: Registering ACPI NVS region [mem 0x3feff000-0x3fefffff] (4096 bytes)
[    0.561263] regulator-dummy: no parameters
[    0.561395] RTC time: 12:15:23, date: 08/31/14
[    0.561588] NET: Registered protocol family 16
[    0.561838] ACPI: bus type PCI registered
[    0.561842] acpiphp: ACPI Hot Plug PCI Controller Driver version: 0.5
[    0.562289] PCI: MMCONFIG for domain 0000 [bus 00-ff] at [mem 0xe0000000-0xefffffff] (base 0xe0000000)
[    0.562293] PCI: MMCONFIG at [mem 0xe0000000-0xefffffff] reserved in E820
[    0.615823] PCI: Using configuration type 1 for base access
[    0.617374] bio: create slab <bio-0> at 0
[    0.617864] ACPI: Added _OSI(Module Device)
[    0.617867] ACPI: Added _OSI(Processor Device)
[    0.617869] ACPI: Added _OSI(3.0 _SCP Extensions)
[    0.617871] ACPI: Added _OSI(Processor Aggregator Device)
[    0.620038] ACPI: EC: Look up EC in DSDT
[    0.625248] [Firmware Bug]: ACPI: BIOS _OSI(Linux) query ignored
[    0.662307] ACPI: Interpreter enabled
[    0.662316] ACPI Exception: AE_NOT_FOUND, While evaluating Sleep State [\_S2_] (20130517/hwxface-571)
[    0.662321] ACPI Exception: AE_NOT_FOUND, While evaluating Sleep State [\_S3_] (20130517/hwxface-571)
[    0.662329] ACPI: (supports S0 S1 S4 S5)
[    0.662331] ACPI: Using IOAPIC for interrupt routing
[    0.662383] PCI: Using host bridge windows from ACPI; if necessary, use "pci=nocrs" and report a bug
[    0.713376] ACPI: No dock devices found.
[    0.824725] ACPI: PCI Root Bridge [PCI0] (domain 0000 [bus 00-ff])
[    0.824917] acpi PNP0A03:00: Requesting ACPI _OSC control (0x1d)
[    0.825152] acpi PNP0A03:00: ACPI _OSC control (0x15) granted
[    0.826575] PCI host bridge to bus 0000:00
[    0.826579] pci_bus 0000:00: root bus resource [bus 00-ff]
[    0.826582] pci_bus 0000:00: root bus resource [mem 0x000a0000-0x000bffff]
[    0.826584] pci_bus 0000:00: root bus resource [mem 0x000cc000-0x000cffff]
[    0.826586] pci_bus 0000:00: root bus resource [mem 0x000d0000-0x000d3fff]
[    0.826588] pci_bus 0000:00: root bus resource [mem 0x000d4000-0x000d7fff]
[    0.826590] pci_bus 0000:00: root bus resource [mem 0x000d8000-0x000dbfff]
[    0.826592] pci_bus 0000:00: root bus resource [mem 0xc0000000-0xfebfffff]
[    0.826594] pci_bus 0000:00: root bus resource [io  0x0000-0x0cf7]
[    0.826596] pci_bus 0000:00: root bus resource [io  0x0d00-0xfeff]
[    0.826655] pci 0000:00:00.0: [8086:7190] type 00 class 0x060000
[    0.827222] pci 0000:00:01.0: [8086:7191] type 01 class 0x060400
[    0.861187] pci 0000:00:07.0: [8086:7110] type 00 class 0x060100
[    0.861872] pci 0000:00:07.1: [8086:7111] type 00 class 0x01018a
[    0.863383] pci 0000:00:07.1: reg 0x20: [io  0x10c0-0x10cf]
[    0.864298] pci 0000:00:07.3: [8086:7113] type 00 class 0x068000
[    0.864840] pci 0000:00:07.3: quirk: [io  0x1000-0x103f] claimed by PIIX4 ACPI
[    0.864854] pci 0000:00:07.3: quirk: [io  0x1040-0x104f] claimed by PIIX4 SMB
[    0.865339] pci 0000:00:07.7: [15ad:0740] type 00 class 0x088000
[    0.865848] pci 0000:00:07.7: reg 0x10: [io  0x1080-0x10bf]
[    0.866350] pci 0000:00:07.7: reg 0x14: [mem 0xc8000000-0xc8001fff 64bit]
[    0.868694] pci 0000:00:0f.0: [15ad:0405] type 00 class 0x030000
[    0.869906] pci 0000:00:0f.0: reg 0x10: [io  0x10d0-0x10df]
[    0.871027] pci 0000:00:0f.0: reg 0x14: [mem 0xd0000000-0xd7ffffff pref]
[    0.872041] pci 0000:00:0f.0: reg 0x18: [mem 0xc8800000-0xc8ffffff]
[    0.876154] pci 0000:00:0f.0: reg 0x30: [mem 0x00000000-0x00007fff pref]
[    0.876546] pci 0000:00:10.0: [1000:0030] type 00 class 0x010000
[    0.877107] pci 0000:00:10.0: reg 0x10: [io  0x1400-0x14ff]
[    0.877737] pci 0000:00:10.0: reg 0x14: [mem 0xc8040000-0xc805ffff 64bit]
[    0.911683] pci 0000:00:10.0: reg 0x1c: [mem 0xc8020000-0xc803ffff 64bit]
[    0.912884] pci 0000:00:10.0: reg 0x30: [mem 0x00000000-0x00003fff pref]
[    0.913210] pci 0000:00:11.0: [15ad:0790] type 01 class 0x060401
[    0.913906] pci 0000:00:11.0: System wakeup disabled by ACPI
[    0.914115] pci 0000:00:15.0: [15ad:07a0] type 01 class 0x060400
[    0.914863] pci 0000:00:15.0: PME# supported from D0 D3hot D3cold
[    0.915099] pci 0000:00:15.0: System wakeup disabled by ACPI
[    0.915268] pci 0000:00:15.1: [15ad:07a0] type 01 class 0x060400
[    0.916007] pci 0000:00:15.1: PME# supported from D0 D3hot D3cold
[    0.916213] pci 0000:00:15.1: System wakeup disabled by ACPI
[    0.916381] pci 0000:00:15.2: [15ad:07a0] type 01 class 0x060400
[    0.917104] pci 0000:00:15.2: PME# supported from D0 D3hot D3cold
[    0.917309] pci 0000:00:15.2: System wakeup disabled by ACPI
[    0.917475] pci 0000:00:15.3: [15ad:07a0] type 01 class 0x060400
[    0.918188] pci 0000:00:15.3: PME# supported from D0 D3hot D3cold
[    0.918396] pci 0000:00:15.3: System wakeup disabled by ACPI
[    0.918696] pci 0000:00:15.4: [15ad:07a0] type 01 class 0x060400
[    0.919356] pci 0000:00:15.4: PME# supported from D0 D3hot D3cold
[    0.919574] pci 0000:00:15.4: System wakeup disabled by ACPI
[    0.919737] pci 0000:00:15.5: [15ad:07a0] type 01 class 0x060400
[    0.920396] pci 0000:00:15.5: PME# supported from D0 D3hot D3cold
[    0.920643] pci 0000:00:15.5: System wakeup disabled by ACPI
[    0.920797] pci 0000:00:15.6: [15ad:07a0] type 01 class 0x060400
[    0.921534] pci 0000:00:15.6: PME# supported from D0 D3hot D3cold
[    0.921737] pci 0000:00:15.6: System wakeup disabled by ACPI
[    0.921911] pci 0000:00:15.7: [15ad:07a0] type 01 class 0x060400
[    0.922633] pci 0000:00:15.7: PME# supported from D0 D3hot D3cold
[    0.922835] pci 0000:00:15.7: System wakeup disabled by ACPI
[    0.923018] pci 0000:00:16.0: [15ad:07a0] type 01 class 0x060400
[    0.923750] pci 0000:00:16.0: PME# supported from D0 D3hot D3cold
[    0.923953] pci 0000:00:16.0: System wakeup disabled by ACPI
[    0.924117] pci 0000:00:16.1: [15ad:07a0] type 01 class 0x060400
[    0.924973] pci 0000:00:16.1: PME# supported from D0 D3hot D3cold
[    0.925187] pci 0000:00:16.1: System wakeup disabled by ACPI
[    0.925364] pci 0000:00:16.2: [15ad:07a0] type 01 class 0x060400
[    0.926095] pci 0000:00:16.2: PME# supported from D0 D3hot D3cold
[    0.926299] pci 0000:00:16.2: System wakeup disabled by ACPI
[    0.926502] pci 0000:00:16.3: [15ad:07a0] type 01 class 0x060400
[    0.927220] pci 0000:00:16.3: PME# supported from D0 D3hot D3cold
[    0.927423] pci 0000:00:16.3: System wakeup disabled by ACPI
[    0.927746] pci 0000:00:16.4: [15ad:07a0] type 01 class 0x060400
[    0.961813] pci 0000:00:16.4: PME# supported from D0 D3hot D3cold
[    0.962031] pci 0000:00:16.4: System wakeup disabled by ACPI
[    0.962182] pci 0000:00:16.5: [15ad:07a0] type 01 class 0x060400
[    0.962841] pci 0000:00:16.5: PME# supported from D0 D3hot D3cold
[    0.963039] pci 0000:00:16.5: System wakeup disabled by ACPI
[    0.963191] pci 0000:00:16.6: [15ad:07a0] type 01 class 0x060400
[    0.963849] pci 0000:00:16.6: PME# supported from D0 D3hot D3cold
[    0.964061] pci 0000:00:16.6: System wakeup disabled by ACPI
[    0.964217] pci 0000:00:16.7: [15ad:07a0] type 01 class 0x060400
[    0.964886] pci 0000:00:16.7: PME# supported from D0 D3hot D3cold
[    0.965084] pci 0000:00:16.7: System wakeup disabled by ACPI
[    0.965236] pci 0000:00:17.0: [15ad:07a0] type 01 class 0x060400
[    0.965919] pci 0000:00:17.0: PME# supported from D0 D3hot D3cold
[    0.966107] pci 0000:00:17.0: System wakeup disabled by ACPI
[    0.966295] pci 0000:00:17.1: [15ad:07a0] type 01 class 0x060400
[    0.966984] pci 0000:00:17.1: PME# supported from D0 D3hot D3cold
[    0.967172] pci 0000:00:17.1: System wakeup disabled by ACPI
[    0.967328] pci 0000:00:17.2: [15ad:07a0] type 01 class 0x060400
[    0.967990] pci 0000:00:17.2: PME# supported from D0 D3hot D3cold
[    0.968177] pci 0000:00:17.2: System wakeup disabled by ACPI
[    0.968329] pci 0000:00:17.3: [15ad:07a0] type 01 class 0x060400
[    0.969034] pci 0000:00:17.3: PME# supported from D0 D3hot D3cold
[    0.969243] pci 0000:00:17.3: System wakeup disabled by ACPI
[    0.969514] pci 0000:00:17.4: [15ad:07a0] type 01 class 0x060400
[    0.970382] pci 0000:00:17.4: PME# supported from D0 D3hot D3cold
[    0.970590] pci 0000:00:17.4: System wakeup disabled by ACPI
[    0.970761] pci 0000:00:17.5: [15ad:07a0] type 01 class 0x060400
[    0.971481] pci 0000:00:17.5: PME# supported from D0 D3hot D3cold
[    0.971706] pci 0000:00:17.5: System wakeup disabled by ACPI
[    0.971882] pci 0000:00:17.6: [15ad:07a0] type 01 class 0x060400
[    0.972701] pci 0000:00:17.6: PME# supported from D0 D3hot D3cold
[    0.972978] pci 0000:00:17.6: System wakeup disabled by ACPI
[    0.973220] pci 0000:00:17.7: [15ad:07a0] type 01 class 0x060400
[    0.973954] pci 0000:00:17.7: PME# supported from D0 D3hot D3cold
[    0.974180] pci 0000:00:17.7: System wakeup disabled by ACPI
[    0.974394] pci 0000:00:18.0: [15ad:07a0] type 01 class 0x060400
[    0.975113] pci 0000:00:18.0: PME# supported from D0 D3hot D3cold
[    0.975320] pci 0000:00:18.0: System wakeup disabled by ACPI
[    0.975490] pci 0000:00:18.1: [15ad:07a0] type 01 class 0x060400
[    0.976221] pci 0000:00:18.1: PME# supported from D0 D3hot D3cold
[    0.976424] pci 0000:00:18.1: System wakeup disabled by ACPI
[    0.976609] pci 0000:00:18.2: [15ad:07a0] type 01 class 0x060400
[    0.977341] pci 0000:00:18.2: PME# supported from D0 D3hot D3cold
[    0.977545] pci 0000:00:18.2: System wakeup disabled by ACPI
[    0.977712] pci 0000:00:18.3: [15ad:07a0] type 01 class 0x060400
[    1.011799] pci 0000:00:18.3: PME# supported from D0 D3hot D3cold
[    1.012014] pci 0000:00:18.3: System wakeup disabled by ACPI
[    1.012340] pci 0000:00:18.4: [15ad:07a0] type 01 class 0x060400
[    1.013054] pci 0000:00:18.4: PME# supported from D0 D3hot D3cold
[    1.013261] pci 0000:00:18.4: System wakeup disabled by ACPI
[    1.013420] pci 0000:00:18.5: [15ad:07a0] type 01 class 0x060400
[    1.014078] pci 0000:00:18.5: PME# supported from D0 D3hot D3cold
[    1.014275] pci 0000:00:18.5: System wakeup disabled by ACPI
[    1.014458] pci 0000:00:18.6: [15ad:07a0] type 01 class 0x060400
[    1.015207] pci 0000:00:18.6: PME# supported from D0 D3hot D3cold
[    1.015508] pci 0000:00:18.6: System wakeup disabled by ACPI
[    1.015679] pci 0000:00:18.7: [15ad:07a0] type 01 class 0x060400
[    1.016404] pci 0000:00:18.7: PME# supported from D0 D3hot D3cold
[    1.016607] pci 0000:00:18.7: System wakeup disabled by ACPI
[    1.017151] pci 0000:00:01.0: PCI bridge to [bus 01]
[    1.017760] acpiphp: Slot [32] registered
[    1.017787] acpiphp: Slot [33] registered
[    1.017812] acpiphp: Slot [34] registered
[    1.017836] acpiphp: Slot [35] registered
[    1.017860] acpiphp: Slot [36] registered
[    1.017884] acpiphp: Slot [37] registered
[    1.017907] acpiphp: Slot [38] registered
[    1.017949] acpiphp: Slot [39] registered
[    1.017974] acpiphp: Slot [40] registered
[    1.017998] acpiphp: Slot [41] registered
[    1.018022] acpiphp: Slot [42] registered
[    1.018045] acpiphp: Slot [43] registered
[    1.018068] acpiphp: Slot [44] registered
[    1.018091] acpiphp: Slot [45] registered
[    1.018133] acpiphp: Slot [46] registered
[    1.018158] acpiphp: Slot [47] registered
[    1.018182] acpiphp: Slot [48] registered
[    1.018205] acpiphp: Slot [49] registered
[    1.018228] acpiphp: Slot [50] registered
[    1.018280] acpiphp: Slot [51] registered
[    1.018305] acpiphp: Slot [52] registered
[    1.018348] acpiphp: Slot [53] registered
[    1.018373] acpiphp: Slot [54] registered
[    1.018397] acpiphp: Slot [55] registered
[    1.018421] acpiphp: Slot [56] registered
[    1.018445] acpiphp: Slot [57] registered
[    1.018501] acpiphp: Slot [58] registered
[    1.018526] acpiphp: Slot [59] registered
[    1.018589] acpiphp: Slot [60] registered
[    1.018616] acpiphp: Slot [61] registered
[    1.018640] acpiphp: Slot [62] registered
[    1.018663] acpiphp: Slot [63] registered
[    1.018724] pci 0000:02:00.0: [15ad:0774] type 00 class 0x0c0300
[    1.020006] pci 0000:02:00.0: reg 0x20: [io  0x2080-0x209f]
[    1.020677] pci 0000:02:00.0: System wakeup disabled by ACPI
[    1.020809] pci 0000:02:01.0: [8086:100f] type 00 class 0x020000
[    1.021439] pci 0000:02:01.0: reg 0x10: [mem 0xc9020000-0xc903ffff 64bit]
[    1.022003] pci 0000:02:01.0: reg 0x18: [mem 0xc9000000-0xc900ffff 64bit]
[    1.022549] pci 0000:02:01.0: reg 0x20: [io  0x2000-0x203f]
[    1.023640] pci 0000:02:01.0: reg 0x30: [mem 0x00000000-0x0000ffff pref]
[    1.024026] pci 0000:02:01.0: System wakeup disabled by ACPI
[    1.024120] pci 0000:02:02.0: [1274:1371] type 00 class 0x040100
[    1.024460] pci 0000:02:02.0: reg 0x10: [io  0x2040-0x207f]
[    1.026387] pci 0000:02:02.0: System wakeup disabled by ACPI
[    1.026499] pci 0000:02:03.0: [15ad:0770] type 00 class 0x0c0320
[    1.026829] pci 0000:02:03.0: reg 0x10: [mem 0xc9010000-0xc9010fff]
[    1.061663] pci 0000:02:03.0: System wakeup disabled by ACPI
[    1.062135] pci 0000:00:11.0: PCI bridge to [bus 02] (subtractive decode)
[    1.062160] pci 0000:00:11.0:   bridge window [io  0x2000-0x3fff]
[    1.062184] pci 0000:00:11.0:   bridge window [mem 0xc9000000-0xca3fffff]
[    1.062228] pci 0000:00:11.0:   bridge window [mem 0xd8400000-0xd89fffff 64bit pref]
[    1.062231] pci 0000:00:11.0:   bridge window [mem 0x000a0000-0x000bffff] (subtractive decode)
[    1.062233] pci 0000:00:11.0:   bridge window [mem 0x000cc000-0x000cffff] (subtractive decode)
[    1.062235] pci 0000:00:11.0:   bridge window [mem 0x000d0000-0x000d3fff] (subtractive decode)
[    1.062237] pci 0000:00:11.0:   bridge window [mem 0x000d4000-0x000d7fff] (subtractive decode)
[    1.062240] pci 0000:00:11.0:   bridge window [mem 0x000d8000-0x000dbfff] (subtractive decode)
[    1.062242] pci 0000:00:11.0:   bridge window [mem 0xc0000000-0xfebfffff] (subtractive decode)
[    1.062244] pci 0000:00:11.0:   bridge window [io  0x0000-0x0cf7] (subtractive decode)
[    1.062246] pci 0000:00:11.0:   bridge window [io  0x0d00-0xfeff] (subtractive decode)
[    1.062787] pci 0000:00:15.0: PCI bridge to [bus 03]
[    1.062811] pci 0000:00:15.0:   bridge window [io  0x4000-0x4fff]
[    1.062835] pci 0000:00:15.0:   bridge window [mem 0xca400000-0xca4fffff]
[    1.062878] pci 0000:00:15.0:   bridge window [mem 0xd8a00000-0xd8afffff 64bit pref]
[    1.063427] pci 0000:00:15.1: PCI bridge to [bus 04]
[    1.063451] pci 0000:00:15.1:   bridge window [io  0x8000-0x8fff]
[    1.063475] pci 0000:00:15.1:   bridge window [mem 0xca800000-0xca8fffff]
[    1.063518] pci 0000:00:15.1:   bridge window [mem 0xd8e00000-0xd8efffff 64bit pref]
[    1.064078] pci 0000:00:15.2: PCI bridge to [bus 05]
[    1.064102] pci 0000:00:15.2:   bridge window [io  0xc000-0xcfff]
[    1.064126] pci 0000:00:15.2:   bridge window [mem 0xcac00000-0xcacfffff]
[    1.064169] pci 0000:00:15.2:   bridge window [mem 0xd9200000-0xd92fffff 64bit pref]
[    1.064718] pci 0000:00:15.3: PCI bridge to [bus 06]
[    1.064759] pci 0000:00:15.3:   bridge window [mem 0xcb000000-0xcb0fffff]
[    1.064799] pci 0000:00:15.3:   bridge window [mem 0xd9600000-0xd96fffff 64bit pref]
[    1.065278] pci 0000:00:15.4: PCI bridge to [bus 07]
[    1.065318] pci 0000:00:15.4:   bridge window [mem 0xcb400000-0xcb4fffff]
[    1.065358] pci 0000:00:15.4:   bridge window [mem 0xd9a00000-0xd9afffff 64bit pref]
[    1.065870] pci 0000:00:15.5: PCI bridge to [bus 08]
[    1.065910] pci 0000:00:15.5:   bridge window [mem 0xcb800000-0xcb8fffff]
[    1.065951] pci 0000:00:15.5:   bridge window [mem 0xd9e00000-0xd9efffff 64bit pref]
[    1.066407] pci 0000:00:15.6: PCI bridge to [bus 09]
[    1.066447] pci 0000:00:15.6:   bridge window [mem 0xcbc00000-0xcbcfffff]
[    1.066487] pci 0000:00:15.6:   bridge window [mem 0xda200000-0xda2fffff 64bit pref]
[    1.067016] pci 0000:00:15.7: PCI bridge to [bus 0a]
[    1.067060] pci 0000:00:15.7:   bridge window [mem 0xcc000000-0xcc0fffff]
[    1.067104] pci 0000:00:15.7:   bridge window [mem 0xda600000-0xda6fffff 64bit pref]
[    1.067647] pci 0000:00:16.0: PCI bridge to [bus 0b]
[    1.067671] pci 0000:00:16.0:   bridge window [io  0x5000-0x5fff]
[    1.067695] pci 0000:00:16.0:   bridge window [mem 0xca500000-0xca5fffff]
[    1.067746] pci 0000:00:16.0:   bridge window [mem 0xd8b00000-0xd8bfffff 64bit pref]
[    1.068268] pci 0000:00:16.1: PCI bridge to [bus 0c]
[    1.068291] pci 0000:00:16.1:   bridge window [io  0x9000-0x9fff]
[    1.068315] pci 0000:00:16.1:   bridge window [mem 0xca900000-0xca9fffff]
[    1.068358] pci 0000:00:16.1:   bridge window [mem 0xd8f00000-0xd8ffffff 64bit pref]
[    1.068883] pci 0000:00:16.2: PCI bridge to [bus 0d]
[    1.068907] pci 0000:00:16.2:   bridge window [io  0xd000-0xdfff]
[    1.068931] pci 0000:00:16.2:   bridge window [mem 0xcad00000-0xcadfffff]
[    1.068974] pci 0000:00:16.2:   bridge window [mem 0xd9300000-0xd93fffff 64bit pref]
[    1.069494] pci 0000:00:16.3: PCI bridge to [bus 0e]
[    1.069538] pci 0000:00:16.3:   bridge window [mem 0xcb100000-0xcb1fffff]
[    1.069581] pci 0000:00:16.3:   bridge window [mem 0xd9700000-0xd97fffff 64bit pref]
[    1.070083] pci 0000:00:16.4: PCI bridge to [bus 0f]
[    1.070127] pci 0000:00:16.4:   bridge window [mem 0xcb500000-0xcb5fffff]
[    1.070170] pci 0000:00:16.4:   bridge window [mem 0xd9b00000-0xd9bfffff 64bit pref]
[    1.070766] pci 0000:00:16.5: PCI bridge to [bus 10]
[    1.070810] pci 0000:00:16.5:   bridge window [mem 0xcb900000-0xcb9fffff]
[    1.070854] pci 0000:00:16.5:   bridge window [mem 0xd9f00000-0xd9ffffff 64bit pref]
[    1.071407] pci 0000:00:16.6: PCI bridge to [bus 11]
[    1.071462] pci 0000:00:16.6:   bridge window [mem 0xcbd00000-0xcbdfffff]
[    1.071506] pci 0000:00:16.6:   bridge window [mem 0xda300000-0xda3fffff 64bit pref]
[    1.072101] pci 0000:00:16.7: PCI bridge to [bus 12]
[    1.072145] pci 0000:00:16.7:   bridge window [mem 0xcc100000-0xcc1fffff]
[    1.072189] pci 0000:00:16.7:   bridge window [mem 0xda700000-0xda7fffff 64bit pref]
[    1.072859] pci 0000:00:17.0: PCI bridge to [bus 13]
[    1.072883] pci 0000:00:17.0:   bridge window [io  0x6000-0x6fff]
[    1.072907] pci 0000:00:17.0:   bridge window [mem 0xca600000-0xca6fffff]
[    1.072950] pci 0000:00:17.0:   bridge window [mem 0xd8c00000-0xd8cfffff 64bit pref]
[    1.073448] pci 0000:00:17.1: PCI bridge to [bus 14]
[    1.073471] pci 0000:00:17.1:   bridge window [io  0xa000-0xafff]
[    1.073495] pci 0000:00:17.1:   bridge window [mem 0xcaa00000-0xcaafffff]
[    1.073538] pci 0000:00:17.1:   bridge window [mem 0xd9000000-0xd90fffff 64bit pref]
[    1.074082] pci 0000:00:17.2: PCI bridge to [bus 15]
[    1.074106] pci 0000:00:17.2:   bridge window [io  0xe000-0xefff]
[    1.074129] pci 0000:00:17.2:   bridge window [mem 0xcae00000-0xcaefffff]
[    1.074173] pci 0000:00:17.2:   bridge window [mem 0xd9400000-0xd94fffff 64bit pref]
[    1.074705] pci 0000:00:17.3: PCI bridge to [bus 16]
[    1.074746] pci 0000:00:17.3:   bridge window [mem 0xcb200000-0xcb2fffff]
[    1.074786] pci 0000:00:17.3:   bridge window [mem 0xd9800000-0xd98fffff 64bit pref]
[    1.075244] pci 0000:00:17.4: PCI bridge to [bus 17]
[    1.075284] pci 0000:00:17.4:   bridge window [mem 0xcb600000-0xcb6fffff]
[    1.075325] pci 0000:00:17.4:   bridge window [mem 0xd9c00000-0xd9cfffff 64bit pref]
[    1.075846] pci 0000:00:17.5: PCI bridge to [bus 18]
[    1.075887] pci 0000:00:17.5:   bridge window [mem 0xcba00000-0xcbafffff]
[    1.075927] pci 0000:00:17.5:   bridge window [mem 0xda000000-0xda0fffff 64bit pref]
[    1.076417] pci 0000:00:17.6: PCI bridge to [bus 19]
[    1.076458] pci 0000:00:17.6:   bridge window [mem 0xcbe00000-0xcbefffff]
[    1.076498] pci 0000:00:17.6:   bridge window [mem 0xda400000-0xda4fffff 64bit pref]
[    1.076965] pci 0000:00:17.7: PCI bridge to [bus 1a]
[    1.077005] pci 0000:00:17.7:   bridge window [mem 0xcc200000-0xcc2fffff]
[    1.077045] pci 0000:00:17.7:   bridge window [mem 0xda800000-0xda8fffff 64bit pref]
[    1.077522] pci 0000:00:18.0: PCI bridge to [bus 1b]
[    1.077544] pci 0000:00:18.0:   bridge window [io  0x7000-0x7fff]
[    1.077566] pci 0000:00:18.0:   bridge window [mem 0xca700000-0xca7fffff]
[    1.077606] pci 0000:00:18.0:   bridge window [mem 0xd8d00000-0xd8dfffff 64bit pref]
[    1.111439] pci 0000:00:18.1: PCI bridge to [bus 1c]
[    1.111460] pci 0000:00:18.1:   bridge window [io  0xb000-0xbfff]
[    1.111482] pci 0000:00:18.1:   bridge window [mem 0xcab00000-0xcabfffff]
[    1.111522] pci 0000:00:18.1:   bridge window [mem 0xd9100000-0xd91fffff 64bit pref]
[    1.112033] pci 0000:00:18.2: PCI bridge to [bus 1d]
[    1.112055] pci 0000:00:18.2:   bridge window [io  0xf000-0xffff]
[    1.112077] pci 0000:00:18.2:   bridge window [mem 0xcaf00000-0xcaffffff]
[    1.112117] pci 0000:00:18.2:   bridge window [mem 0xd9500000-0xd95fffff 64bit pref]
[    1.112612] pci 0000:00:18.3: PCI bridge to [bus 1e]
[    1.112652] pci 0000:00:18.3:   bridge window [mem 0xcb300000-0xcb3fffff]
[    1.112692] pci 0000:00:18.3:   bridge window [mem 0xd9900000-0xd99fffff 64bit pref]
[    1.113178] pci 0000:00:18.4: PCI bridge to [bus 1f]
[    1.113218] pci 0000:00:18.4:   bridge window [mem 0xcb700000-0xcb7fffff]
[    1.113259] pci 0000:00:18.4:   bridge window [mem 0xd9d00000-0xd9dfffff 64bit pref]
[    1.113749] pci 0000:00:18.5: PCI bridge to [bus 20]
[    1.113789] pci 0000:00:18.5:   bridge window [mem 0xcbb00000-0xcbbfffff]
[    1.113829] pci 0000:00:18.5:   bridge window [mem 0xda100000-0xda1fffff 64bit pref]
[    1.114357] pci 0000:00:18.6: PCI bridge to [bus 21]
[    1.114398] pci 0000:00:18.6:   bridge window [mem 0xcbf00000-0xcbffffff]
[    1.114438] pci 0000:00:18.6:   bridge window [mem 0xda500000-0xda5fffff 64bit pref]
[    1.114897] pci 0000:00:18.7: PCI bridge to [bus 22]
[    1.114937] pci 0000:00:18.7:   bridge window [mem 0xcc300000-0xcc3fffff]
[    1.114985] pci 0000:00:18.7:   bridge window [mem 0xda900000-0xda9fffff 64bit pref]
[    1.117172] ACPI: PCI Interrupt Link [LNKA] (IRQs 3 4 5 6 7 *9 10 11 14 15)
[    1.117259] ACPI: PCI Interrupt Link [LNKB] (IRQs 3 4 5 6 7 9 10 *11 14 15)
[    1.117342] ACPI: PCI Interrupt Link [LNKC] (IRQs 3 4 5 6 7 9 *10 11 14 15)
[    1.117436] ACPI: PCI Interrupt Link [LNKD] (IRQs 3 4 *5 6 7 9 10 11 14 15)
[    1.165662] ACPI: Enabled 2 GPEs in block 00 to 0F
[    1.165671] ACPI: \_SB_.PCI0: notify handler is installed
[    1.165782] Found 1 acpi root devices
[    1.166000] vgaarb: device added: PCI:0000:00:0f.0,decodes=io+mem,owns=io+mem,locks=none
[    1.166010] vgaarb: loaded
[    1.166011] vgaarb: bridge control possible 0000:00:0f.0
[    1.166623] SCSI subsystem initialized
[    1.166627] ACPI: bus type ATA registered
[    1.166728] libata version 3.00 loaded.
[    1.166766] ACPI: bus type USB registered
[    1.166782] usbcore: registered new interface driver usbfs
[    1.166790] usbcore: registered new interface driver hub
[    1.166894] usbcore: registered new device driver usb
[    1.167254] PCI: Using ACPI for IRQ routing
[    1.368144] PCI: pci_cache_line_size set to 64 bytes
[    1.368171] pci 0000:00:18.2: no compatible bridge window for [io  0xf000-0xffff]
[    1.369120] e820: reserve RAM buffer [mem 0x0009f400-0x0009ffff]
[    1.369124] e820: reserve RAM buffer [mem 0x3fee0000-0x3fffffff]
[    1.369271] NetLabel: Initializing
[    1.369273] NetLabel:  domain hash size = 128
[    1.369274] NetLabel:  protocols = UNLABELED CIPSOv4
[    1.369283] NetLabel:  unlabeled traffic allowed by default
[    1.369462] hpet0: at MMIO 0xfed00000, IRQs 2, 8, 0, 0, 0, 0, 0, 0, 0, 0, 0, 0, 0, 0, 0, 0
[    1.369470] hpet0: 16 comparators, 64-bit 14.318180 MHz counter
[    1.371545] Switched to clocksource hpet
[    1.427887] AppArmor: AppArmor Filesystem Enabled
[    1.427919] pnp: PnP ACPI init
[    1.427934] ACPI: bus type PNP registered
[    1.461512] system 00:00: [io  0x1000-0x103f] could not be reserved
[    1.461515] system 00:00: [io  0x1040-0x104f] has been reserved
[    1.461519] system 00:00: [io  0x0cf0-0x0cf1] has been reserved
[    1.461523] system 00:00: Plug and Play ACPI device, IDs PNP0c02 (active)
[    1.461535] pnp 00:01: [dma 4]
[    1.461563] pnp 00:01: Plug and Play ACPI device, IDs PNP0200 (active)
[    1.461603] pnp 00:02: Plug and Play ACPI device, IDs PNP0001 (active)
[    1.461662] pnp 00:03: Plug and Play ACPI device, IDs PNP0b00 (active)
[    1.461702] pnp 00:04: Plug and Play ACPI device, IDs PNP0800 (active)
[    1.461863] pnp 00:05: Plug and Play ACPI device, IDs PNP0303 (active)
[    1.461913] pnp 00:06: Plug and Play ACPI device, IDs PNP0f13 (active)
[    1.462133] system 00:07: [mem 0xfed00000-0xfed003ff] has been reserved
[    1.462137] system 00:07: Plug and Play ACPI device, IDs PNP0103 PNP0c01 (active)
[    1.468177] pnp 00:08: Plug and Play ACPI device, IDs PNP0400 (active)
[    1.473751] pnp 00:09: Plug and Play ACPI device, IDs PNP0501 (active)
[    1.511921] pnp 00:0a: Plug and Play ACPI device, IDs PNP0501 (active)
[    1.517377] pnp 00:0b: [dma 2]
[    1.518497] pnp 00:0b: Plug and Play ACPI device, IDs PNP0700 (active)
[    1.518744] system 00:0c: [io  0x1060-0x107f] has been reserved
[    1.518752] system 00:0c: [mem 0xe0000000-0xefffffff] has been reserved
[    1.518755] system 00:0c: [mem 0xc8200000-0xc83fffff] has been reserved
[    1.518759] system 00:0c: Plug and Play ACPI device, IDs PNP0c02 (active)
[    1.524100] pnp: PnP ACPI: found 13 devices
[    1.524103] ACPI: bus type PNP unregistered
[    1.565045] pci 0000:00:15.3: bridge window [io  0x1000-0x0fff] to [bus 06] add_size 1000
[    1.565132] pci 0000:00:15.4: bridge window [io  0x1000-0x0fff] to [bus 07] add_size 1000
[    1.565198] pci 0000:00:15.5: bridge window [io  0x1000-0x0fff] to [bus 08] add_size 1000
[    1.565262] pci 0000:00:15.6: bridge window [io  0x1000-0x0fff] to [bus 09] add_size 1000
[    1.565334] pci 0000:00:15.7: bridge window [io  0x1000-0x0fff] to [bus 0a] add_size 1000
[    1.565577] pci 0000:00:16.3: bridge window [io  0x1000-0x0fff] to [bus 0e] add_size 1000
[    1.565641] pci 0000:00:16.4: bridge window [io  0x1000-0x0fff] to [bus 0f] add_size 1000
[    1.565705] pci 0000:00:16.5: bridge window [io  0x1000-0x0fff] to [bus 10] add_size 1000
[    1.565768] pci 0000:00:16.6: bridge window [io  0x1000-0x0fff] to [bus 11] add_size 1000
[    1.565832] pci 0000:00:16.7: bridge window [io  0x1000-0x0fff] to [bus 12] add_size 1000
[    1.566074] pci 0000:00:17.3: bridge window [io  0x1000-0x0fff] to [bus 16] add_size 1000
[    1.566138] pci 0000:00:17.4: bridge window [io  0x1000-0x0fff] to [bus 17] add_size 1000
[    1.566202] pci 0000:00:17.5: bridge window [io  0x1000-0x0fff] to [bus 18] add_size 1000
[    1.566265] pci 0000:00:17.6: bridge window [io  0x1000-0x0fff] to [bus 19] add_size 1000
[    1.566337] pci 0000:00:17.7: bridge window [io  0x1000-0x0fff] to [bus 1a] add_size 1000
[    1.566520] pci 0000:00:18.2: bridge window [io  0x1000-0x0fff] to [bus 1d] add_size 1000
[    1.566584] pci 0000:00:18.3: bridge window [io  0x1000-0x0fff] to [bus 1e] add_size 1000
[    1.566648] pci 0000:00:18.4: bridge window [io  0x1000-0x0fff] to [bus 1f] add_size 1000
[    1.566711] pci 0000:00:18.5: bridge window [io  0x1000-0x0fff] to [bus 20] add_size 1000
[    1.566775] pci 0000:00:18.6: bridge window [io  0x1000-0x0fff] to [bus 21] add_size 1000
[    1.566838] pci 0000:00:18.7: bridge window [io  0x1000-0x0fff] to [bus 22] add_size 1000
[    1.566873] pci 0000:00:15.3: res[13]=[io  0x1000-0x0fff] get_res_add_size add_size 1000
[    1.566876] pci 0000:00:15.4: res[13]=[io  0x1000-0x0fff] get_res_add_size add_size 1000
[    1.566878] pci 0000:00:15.5: res[13]=[io  0x1000-0x0fff] get_res_add_size add_size 1000
[    1.566881] pci 0000:00:15.6: res[13]=[io  0x1000-0x0fff] get_res_add_size add_size 1000
[    1.566883] pci 0000:00:15.7: res[13]=[io  0x1000-0x0fff] get_res_add_size add_size 1000
[    1.566885] pci 0000:00:16.3: res[13]=[io  0x1000-0x0fff] get_res_add_size add_size 1000
[    1.566888] pci 0000:00:16.4: res[13]=[io  0x1000-0x0fff] get_res_add_size add_size 1000
[    1.566890] pci 0000:00:16.5: res[13]=[io  0x1000-0x0fff] get_res_add_size add_size 1000
[    1.566892] pci 0000:00:16.6: res[13]=[io  0x1000-0x0fff] get_res_add_size add_size 1000
[    1.566894] pci 0000:00:16.7: res[13]=[io  0x1000-0x0fff] get_res_add_size add_size 1000
[    1.566897] pci 0000:00:17.3: res[13]=[io  0x1000-0x0fff] get_res_add_size add_size 1000
[    1.566899] pci 0000:00:17.4: res[13]=[io  0x1000-0x0fff] get_res_add_size add_size 1000
[    1.566901] pci 0000:00:17.5: res[13]=[io  0x1000-0x0fff] get_res_add_size add_size 1000
[    1.566904] pci 0000:00:17.6: res[13]=[io  0x1000-0x0fff] get_res_add_size add_size 1000
[    1.566906] pci 0000:00:17.7: res[13]=[io  0x1000-0x0fff] get_res_add_size add_size 1000
[    1.566908] pci 0000:00:18.2: res[13]=[io  0x1000-0x0fff] get_res_add_size add_size 1000
[    1.566910] pci 0000:00:18.3: res[13]=[io  0x1000-0x0fff] get_res_add_size add_size 1000
[    1.566913] pci 0000:00:18.4: res[13]=[io  0x1000-0x0fff] get_res_add_size add_size 1000
[    1.566915] pci 0000:00:18.5: res[13]=[io  0x1000-0x0fff] get_res_add_size add_size 1000
[    1.566917] pci 0000:00:18.6: res[13]=[io  0x1000-0x0fff] get_res_add_size add_size 1000
[    1.566920] pci 0000:00:18.7: res[13]=[io  0x1000-0x0fff] get_res_add_size add_size 1000
[    1.566925] pci 0000:00:0f.0: BAR 6: assigned [mem 0xc0000000-0xc0007fff pref]
[    1.566929] pci 0000:00:10.0: BAR 6: assigned [mem 0xc0008000-0xc000bfff pref]
[    1.566934] pci 0000:00:15.3: BAR 13: can't assign io (size 0x1000)
[    1.566937] pci 0000:00:15.4: BAR 13: can't assign io (size 0x1000)
[    1.566941] pci 0000:00:15.5: BAR 13: can't assign io (size 0x1000)
[    1.566944] pci 0000:00:15.6: BAR 13: can't assign io (size 0x1000)
[    1.566947] pci 0000:00:15.7: BAR 13: can't assign io (size 0x1000)
[    1.566950] pci 0000:00:16.3: BAR 13: can't assign io (size 0x1000)
[    1.566953] pci 0000:00:16.4: BAR 13: can't assign io (size 0x1000)
[    1.566956] pci 0000:00:16.5: BAR 13: can't assign io (size 0x1000)
[    1.566959] pci 0000:00:16.6: BAR 13: can't assign io (size 0x1000)
[    1.566962] pci 0000:00:16.7: BAR 13: can't assign io (size 0x1000)
[    1.566965] pci 0000:00:17.3: BAR 13: can't assign io (size 0x1000)
[    1.566968] pci 0000:00:17.4: BAR 13: can't assign io (size 0x1000)
[    1.566971] pci 0000:00:17.5: BAR 13: can't assign io (size 0x1000)
[    1.566974] pci 0000:00:17.6: BAR 13: can't assign io (size 0x1000)
[    1.566977] pci 0000:00:17.7: BAR 13: can't assign io (size 0x1000)
[    1.566980] pci 0000:00:18.2: BAR 13: can't assign io (size 0x1000)
[    1.566983] pci 0000:00:18.3: BAR 13: can't assign io (size 0x1000)
[    1.566986] pci 0000:00:18.4: BAR 13: can't assign io (size 0x1000)
[    1.566989] pci 0000:00:18.5: BAR 13: can't assign io (size 0x1000)
[    1.567011] pci 0000:00:18.6: BAR 13: can't assign io (size 0x1000)
[    1.567014] pci 0000:00:18.7: BAR 13: can't assign io (size 0x1000)
[    1.567021] pci 0000:00:18.7: BAR 13: can't assign io (size 0x1000)
[    1.567024] pci 0000:00:18.6: BAR 13: can't assign io (size 0x1000)
[    1.567027] pci 0000:00:18.5: BAR 13: can't assign io (size 0x1000)
[    1.567030] pci 0000:00:18.4: BAR 13: can't assign io (size 0x1000)
[    1.567033] pci 0000:00:18.3: BAR 13: can't assign io (size 0x1000)
[    1.567036] pci 0000:00:18.2: BAR 13: can't assign io (size 0x1000)
[    1.567039] pci 0000:00:17.7: BAR 13: can't assign io (size 0x1000)
[    1.567042] pci 0000:00:17.6: BAR 13: can't assign io (size 0x1000)
[    1.567045] pci 0000:00:17.5: BAR 13: can't assign io (size 0x1000)
[    1.567048] pci 0000:00:17.4: BAR 13: can't assign io (size 0x1000)
[    1.567051] pci 0000:00:17.3: BAR 13: can't assign io (size 0x1000)
[    1.567054] pci 0000:00:16.7: BAR 13: can't assign io (size 0x1000)
[    1.567057] pci 0000:00:16.6: BAR 13: can't assign io (size 0x1000)
[    1.567060] pci 0000:00:16.5: BAR 13: can't assign io (size 0x1000)
[    1.567063] pci 0000:00:16.4: BAR 13: can't assign io (size 0x1000)
[    1.567066] pci 0000:00:16.3: BAR 13: can't assign io (size 0x1000)
[    1.567069] pci 0000:00:15.7: BAR 13: can't assign io (size 0x1000)
[    1.567072] pci 0000:00:15.6: BAR 13: can't assign io (size 0x1000)
[    1.567075] pci 0000:00:15.5: BAR 13: can't assign io (size 0x1000)
[    1.567078] pci 0000:00:15.4: BAR 13: can't assign io (size 0x1000)
[    1.567081] pci 0000:00:15.3: BAR 13: can't assign io (size 0x1000)
[    1.567085] pci 0000:00:01.0: PCI bridge to [bus 01]
[    1.567183] pci 0000:02:01.0: BAR 6: assigned [mem 0xd8400000-0xd840ffff pref]
[    1.567186] pci 0000:00:11.0: PCI bridge to [bus 02]
[    1.567200] pci 0000:00:11.0:   bridge window [io  0x2000-0x3fff]
[    1.567234] pci 0000:00:11.0:   bridge window [mem 0xc9000000-0xca3fffff]
[    1.567258] pci 0000:00:11.0:   bridge window [mem 0xd8400000-0xd89fffff 64bit pref]
[    1.567309] pci 0000:00:15.0: PCI bridge to [bus 03]
[    1.567322] pci 0000:00:15.0:   bridge window [io  0x4000-0x4fff]
[    1.567356] pci 0000:00:15.0:   bridge window [mem 0xca400000-0xca4fffff]
[    1.567380] pci 0000:00:15.0:   bridge window [mem 0xd8a00000-0xd8afffff 64bit pref]
[    1.567459] pci 0000:00:15.1: PCI bridge to [bus 04]
[    1.567474] pci 0000:00:15.1:   bridge window [io  0x8000-0x8fff]
[    1.567508] pci 0000:00:15.1:   bridge window [mem 0xca800000-0xca8fffff]
[    1.567532] pci 0000:00:15.1:   bridge window [mem 0xd8e00000-0xd8efffff 64bit pref]
[    1.567591] pci 0000:00:15.2: PCI bridge to [bus 05]
[    1.567606] pci 0000:00:15.2:   bridge window [io  0xc000-0xcfff]
[    1.567639] pci 0000:00:15.2:   bridge window [mem 0xcac00000-0xcacfffff]
[    1.567679] pci 0000:00:15.2:   bridge window [mem 0xd9200000-0xd92fffff 64bit pref]
[    1.567737] pci 0000:00:15.3: PCI bridge to [bus 06]
[    1.567778] pci 0000:00:15.3:   bridge window [mem 0xcb000000-0xcb0fffff]
[    1.567810] pci 0000:00:15.3:   bridge window [mem 0xd9600000-0xd96fffff 64bit pref]
[    1.567869] pci 0000:00:15.4: PCI bridge to [bus 07]
[    1.567904] pci 0000:00:15.4:   bridge window [mem 0xcb400000-0xcb4fffff]
[    1.567928] pci 0000:00:15.4:   bridge window [mem 0xd9a00000-0xd9afffff 64bit pref]
[    1.567983] pci 0000:00:15.5: PCI bridge to [bus 08]
[    1.568018] pci 0000:00:15.5:   bridge window [mem 0xcb800000-0xcb8fffff]
[    1.568042] pci 0000:00:15.5:   bridge window [mem 0xd9e00000-0xd9efffff 64bit pref]
[    1.568098] pci 0000:00:15.6: PCI bridge to [bus 09]
[    1.568133] pci 0000:00:15.6:   bridge window [mem 0xcbc00000-0xcbcfffff]
[    1.568156] pci 0000:00:15.6:   bridge window [mem 0xda200000-0xda2fffff 64bit pref]
[    1.568212] pci 0000:00:15.7: PCI bridge to [bus 0a]
[    1.568247] pci 0000:00:15.7:   bridge window [mem 0xcc000000-0xcc0fffff]
[    1.568270] pci 0000:00:15.7:   bridge window [mem 0xda600000-0xda6fffff 64bit pref]
[    1.568334] pci 0000:00:16.0: PCI bridge to [bus 0b]
[    1.568352] pci 0000:00:16.0:   bridge window [io  0x5000-0x5fff]
[    1.568397] pci 0000:00:16.0:   bridge window [mem 0xca500000-0xca5fffff]
[    1.568425] pci 0000:00:16.0:   bridge window [mem 0xd8b00000-0xd8bfffff 64bit pref]
[    1.568483] pci 0000:00:16.1: PCI bridge to [bus 0c]
[    1.568497] pci 0000:00:16.1:   bridge window [io  0x9000-0x9fff]
[    1.568531] pci 0000:00:16.1:   bridge window [mem 0xca900000-0xca9fffff]
[    1.568554] pci 0000:00:16.1:   bridge window [mem 0xd8f00000-0xd8ffffff 64bit pref]
[    1.568610] pci 0000:00:16.2: PCI bridge to [bus 0d]
[    1.568625] pci 0000:00:16.2:   bridge window [io  0xd000-0xdfff]
[    1.568658] pci 0000:00:16.2:   bridge window [mem 0xcad00000-0xcadfffff]
[    1.568682] pci 0000:00:16.2:   bridge window [mem 0xd9300000-0xd93fffff 64bit pref]
[    1.568737] pci 0000:00:16.3: PCI bridge to [bus 0e]
[    1.568772] pci 0000:00:16.3:   bridge window [mem 0xcb100000-0xcb1fffff]
[    1.568796] pci 0000:00:16.3:   bridge window [mem 0xd9700000-0xd97fffff 64bit pref]
[    1.568852] pci 0000:00:16.4: PCI bridge to [bus 0f]
[    1.568886] pci 0000:00:16.4:   bridge window [mem 0xcb500000-0xcb5fffff]
[    1.568910] pci 0000:00:16.4:   bridge window [mem 0xd9b00000-0xd9bfffff 64bit pref]
[    1.568966] pci 0000:00:16.5: PCI bridge to [bus 10]
[    1.569000] pci 0000:00:16.5:   bridge window [mem 0xcb900000-0xcb9fffff]
[    1.569024] pci 0000:00:16.5:   bridge window [mem 0xd9f00000-0xd9ffffff 64bit pref]
[    1.569079] pci 0000:00:16.6: PCI bridge to [bus 11]
[    1.569114] pci 0000:00:16.6:   bridge window [mem 0xcbd00000-0xcbdfffff]
[    1.569138] pci 0000:00:16.6:   bridge window [mem 0xda300000-0xda3fffff 64bit pref]
[    1.569193] pci 0000:00:16.7: PCI bridge to [bus 12]
[    1.569228] pci 0000:00:16.7:   bridge window [mem 0xcc100000-0xcc1fffff]
[    1.569251] pci 0000:00:16.7:   bridge window [mem 0xda700000-0xda7fffff 64bit pref]
[    1.569315] pci 0000:00:17.0: PCI bridge to [bus 13]
[    1.569330] pci 0000:00:17.0:   bridge window [io  0x6000-0x6fff]
[    1.569363] pci 0000:00:17.0:   bridge window [mem 0xca600000-0xca6fffff]
[    1.569387] pci 0000:00:17.0:   bridge window [mem 0xd8c00000-0xd8cfffff 64bit pref]
[    1.569443] pci 0000:00:17.1: PCI bridge to [bus 14]
[    1.569458] pci 0000:00:17.1:   bridge window [io  0xa000-0xafff]
[    1.569491] pci 0000:00:17.1:   bridge window [mem 0xcaa00000-0xcaafffff]
[    1.569515] pci 0000:00:17.1:   bridge window [mem 0xd9000000-0xd90fffff 64bit pref]
[    1.569570] pci 0000:00:17.2: PCI bridge to [bus 15]
[    1.569585] pci 0000:00:17.2:   bridge window [io  0xe000-0xefff]
[    1.569618] pci 0000:00:17.2:   bridge window [mem 0xcae00000-0xcaefffff]
[    1.569642] pci 0000:00:17.2:   bridge window [mem 0xd9400000-0xd94fffff 64bit pref]
[    1.569698] pci 0000:00:17.3: PCI bridge to [bus 16]
[    1.569732] pci 0000:00:17.3:   bridge window [mem 0xcb200000-0xcb2fffff]
[    1.569756] pci 0000:00:17.3:   bridge window [mem 0xd9800000-0xd98fffff 64bit pref]
[    1.569811] pci 0000:00:17.4: PCI bridge to [bus 17]
[    1.569846] pci 0000:00:17.4:   bridge window [mem 0xcb600000-0xcb6fffff]
[    1.569870] pci 0000:00:17.4:   bridge window [mem 0xd9c00000-0xd9cfffff 64bit pref]
[    1.569925] pci 0000:00:17.5: PCI bridge to [bus 18]
[    1.569960] pci 0000:00:17.5:   bridge window [mem 0xcba00000-0xcbafffff]
[    1.569983] pci 0000:00:17.5:   bridge window [mem 0xda000000-0xda0fffff 64bit pref]
[    1.570039] pci 0000:00:17.6: PCI bridge to [bus 19]
[    1.570074] pci 0000:00:17.6:   bridge window [mem 0xcbe00000-0xcbefffff]
[    1.570097] pci 0000:00:17.6:   bridge window [mem 0xda400000-0xda4fffff 64bit pref]
[    1.570153] pci 0000:00:17.7: PCI bridge to [bus 1a]
[    1.570188] pci 0000:00:17.7:   bridge window [mem 0xcc200000-0xcc2fffff]
[    1.570211] pci 0000:00:17.7:   bridge window [mem 0xda800000-0xda8fffff 64bit pref]
[    1.570267] pci 0000:00:18.0: PCI bridge to [bus 1b]
[    1.570291] pci 0000:00:18.0:   bridge window [io  0x7000-0x7fff]
[    1.570339] pci 0000:00:18.0:   bridge window [mem 0xca700000-0xca7fffff]
[    1.570364] pci 0000:00:18.0:   bridge window [mem 0xd8d00000-0xd8dfffff 64bit pref]
[    1.570426] pci 0000:00:18.1: PCI bridge to [bus 1c]
[    1.570441] pci 0000:00:18.1:   bridge window [io  0xb000-0xbfff]
[    1.570475] pci 0000:00:18.1:   bridge window [mem 0xcab00000-0xcabfffff]
[    1.570499] pci 0000:00:18.1:   bridge window [mem 0xd9100000-0xd91fffff 64bit pref]
[    1.570557] pci 0000:00:18.2: PCI bridge to [bus 1d]
[    1.570592] pci 0000:00:18.2:   bridge window [mem 0xcaf00000-0xcaffffff]
[    1.570616] pci 0000:00:18.2:   bridge window [mem 0xd9500000-0xd95fffff 64bit pref]
[    1.570672] pci 0000:00:18.3: PCI bridge to [bus 1e]
[    1.570707] pci 0000:00:18.3:   bridge window [mem 0xcb300000-0xcb3fffff]
[    1.570730] pci 0000:00:18.3:   bridge window [mem 0xd9900000-0xd99fffff 64bit pref]
[    1.570786] pci 0000:00:18.4: PCI bridge to [bus 1f]
[    1.570820] pci 0000:00:18.4:   bridge window [mem 0xcb700000-0xcb7fffff]
[    1.570844] pci 0000:00:18.4:   bridge window [mem 0xd9d00000-0xd9dfffff 64bit pref]
[    1.570899] pci 0000:00:18.5: PCI bridge to [bus 20]
[    1.570934] pci 0000:00:18.5:   bridge window [mem 0xcbb00000-0xcbbfffff]
[    1.570958] pci 0000:00:18.5:   bridge window [mem 0xda100000-0xda1fffff 64bit pref]
[    1.571013] pci 0000:00:18.6: PCI bridge to [bus 21]
[    1.571048] pci 0000:00:18.6:   bridge window [mem 0xcbf00000-0xcbffffff]
[    1.571072] pci 0000:00:18.6:   bridge window [mem 0xda500000-0xda5fffff 64bit pref]
[    1.571128] pci 0000:00:18.7: PCI bridge to [bus 22]
[    1.571163] pci 0000:00:18.7:   bridge window [mem 0xcc300000-0xcc3fffff]
[    1.571186] pci 0000:00:18.7:   bridge window [mem 0xda900000-0xda9fffff 64bit pref]
[    1.571278] pci 0000:00:01.0: setting latency timer to 64
[    1.572355] pci_bus 0000:00: resource 4 [mem 0x000a0000-0x000bffff]
[    1.572358] pci_bus 0000:00: resource 5 [mem 0x000cc000-0x000cffff]
[    1.572361] pci_bus 0000:00: resource 6 [mem 0x000d0000-0x000d3fff]
[    1.572363] pci_bus 0000:00: resource 7 [mem 0x000d4000-0x000d7fff]
[    1.572365] pci_bus 0000:00: resource 8 [mem 0x000d8000-0x000dbfff]
[    1.572367] pci_bus 0000:00: resource 9 [mem 0xc0000000-0xfebfffff]
[    1.572369] pci_bus 0000:00: resource 10 [io  0x0000-0x0cf7]
[    1.572372] pci_bus 0000:00: resource 11 [io  0x0d00-0xfeff]
[    1.572374] pci_bus 0000:02: resource 0 [io  0x2000-0x3fff]
[    1.572377] pci_bus 0000:02: resource 1 [mem 0xc9000000-0xca3fffff]
[    1.572379] pci_bus 0000:02: resource 2 [mem 0xd8400000-0xd89fffff 64bit pref]
[    1.572381] pci_bus 0000:02: resource 4 [mem 0x000a0000-0x000bffff]
[    1.572383] pci_bus 0000:02: resource 5 [mem 0x000cc000-0x000cffff]
[    1.572386] pci_bus 0000:02: resource 6 [mem 0x000d0000-0x000d3fff]
[    1.572388] pci_bus 0000:02: resource 7 [mem 0x000d4000-0x000d7fff]
[    1.572390] pci_bus 0000:02: resource 8 [mem 0x000d8000-0x000dbfff]
[    1.572392] pci_bus 0000:02: resource 9 [mem 0xc0000000-0xfebfffff]
[    1.572394] pci_bus 0000:02: resource 10 [io  0x0000-0x0cf7]
[    1.572396] pci_bus 0000:02: resource 11 [io  0x0d00-0xfeff]
[    1.572399] pci_bus 0000:03: resource 0 [io  0x4000-0x4fff]
[    1.572401] pci_bus 0000:03: resource 1 [mem 0xca400000-0xca4fffff]
[    1.572403] pci_bus 0000:03: resource 2 [mem 0xd8a00000-0xd8afffff 64bit pref]
[    1.572406] pci_bus 0000:04: resource 0 [io  0x8000-0x8fff]
[    1.572408] pci_bus 0000:04: resource 1 [mem 0xca800000-0xca8fffff]
[    1.572410] pci_bus 0000:04: resource 2 [mem 0xd8e00000-0xd8efffff 64bit pref]
[    1.572412] pci_bus 0000:05: resource 0 [io  0xc000-0xcfff]
[    1.572414] pci_bus 0000:05: resource 1 [mem 0xcac00000-0xcacfffff]
[    1.572416] pci_bus 0000:05: resource 2 [mem 0xd9200000-0xd92fffff 64bit pref]
[    1.572419] pci_bus 0000:06: resource 1 [mem 0xcb000000-0xcb0fffff]
[    1.572421] pci_bus 0000:06: resource 2 [mem 0xd9600000-0xd96fffff 64bit pref]
[    1.572423] pci_bus 0000:07: resource 1 [mem 0xcb400000-0xcb4fffff]
[    1.572426] pci_bus 0000:07: resource 2 [mem 0xd9a00000-0xd9afffff 64bit pref]
[    1.572428] pci_bus 0000:08: resource 1 [mem 0xcb800000-0xcb8fffff]
[    1.572430] pci_bus 0000:08: resource 2 [mem 0xd9e00000-0xd9efffff 64bit pref]
[    1.572432] pci_bus 0000:09: resource 1 [mem 0xcbc00000-0xcbcfffff]
[    1.572435] pci_bus 0000:09: resource 2 [mem 0xda200000-0xda2fffff 64bit pref]
[    1.572437] pci_bus 0000:0a: resource 1 [mem 0xcc000000-0xcc0fffff]
[    1.572439] pci_bus 0000:0a: resource 2 [mem 0xda600000-0xda6fffff 64bit pref]
[    1.572441] pci_bus 0000:0b: resource 0 [io  0x5000-0x5fff]
[    1.572444] pci_bus 0000:0b: resource 1 [mem 0xca500000-0xca5fffff]
[    1.572446] pci_bus 0000:0b: resource 2 [mem 0xd8b00000-0xd8bfffff 64bit pref]
[    1.572448] pci_bus 0000:0c: resource 0 [io  0x9000-0x9fff]
[    1.572450] pci_bus 0000:0c: resource 1 [mem 0xca900000-0xca9fffff]
[    1.572452] pci_bus 0000:0c: resource 2 [mem 0xd8f00000-0xd8ffffff 64bit pref]
[    1.572454] pci_bus 0000:0d: resource 0 [io  0xd000-0xdfff]
[    1.572457] pci_bus 0000:0d: resource 1 [mem 0xcad00000-0xcadfffff]
[    1.572459] pci_bus 0000:0d: resource 2 [mem 0xd9300000-0xd93fffff 64bit pref]
[    1.572461] pci_bus 0000:0e: resource 1 [mem 0xcb100000-0xcb1fffff]
[    1.572463] pci_bus 0000:0e: resource 2 [mem 0xd9700000-0xd97fffff 64bit pref]
[    1.572466] pci_bus 0000:0f: resource 1 [mem 0xcb500000-0xcb5fffff]
[    1.572468] pci_bus 0000:0f: resource 2 [mem 0xd9b00000-0xd9bfffff 64bit pref]
[    1.572470] pci_bus 0000:10: resource 1 [mem 0xcb900000-0xcb9fffff]
[    1.572472] pci_bus 0000:10: resource 2 [mem 0xd9f00000-0xd9ffffff 64bit pref]
[    1.572475] pci_bus 0000:11: resource 1 [mem 0xcbd00000-0xcbdfffff]
[    1.572477] pci_bus 0000:11: resource 2 [mem 0xda300000-0xda3fffff 64bit pref]
[    1.572479] pci_bus 0000:12: resource 1 [mem 0xcc100000-0xcc1fffff]
[    1.572481] pci_bus 0000:12: resource 2 [mem 0xda700000-0xda7fffff 64bit pref]
[    1.572484] pci_bus 0000:13: resource 0 [io  0x6000-0x6fff]
[    1.572486] pci_bus 0000:13: resource 1 [mem 0xca600000-0xca6fffff]
[    1.572488] pci_bus 0000:13: resource 2 [mem 0xd8c00000-0xd8cfffff 64bit pref]
[    1.572490] pci_bus 0000:14: resource 0 [io  0xa000-0xafff]
[    1.572492] pci_bus 0000:14: resource 1 [mem 0xcaa00000-0xcaafffff]
[    1.572495] pci_bus 0000:14: resource 2 [mem 0xd9000000-0xd90fffff 64bit pref]
[    1.572497] pci_bus 0000:15: resource 0 [io  0xe000-0xefff]
[    1.572499] pci_bus 0000:15: resource 1 [mem 0xcae00000-0xcaefffff]
[    1.572501] pci_bus 0000:15: resource 2 [mem 0xd9400000-0xd94fffff 64bit pref]
[    1.572503] pci_bus 0000:16: resource 1 [mem 0xcb200000-0xcb2fffff]
[    1.572505] pci_bus 0000:16: resource 2 [mem 0xd9800000-0xd98fffff 64bit pref]
[    1.572508] pci_bus 0000:17: resource 1 [mem 0xcb600000-0xcb6fffff]
[    1.572510] pci_bus 0000:17: resource 2 [mem 0xd9c00000-0xd9cfffff 64bit pref]
[    1.572512] pci_bus 0000:18: resource 1 [mem 0xcba00000-0xcbafffff]
[    1.572514] pci_bus 0000:18: resource 2 [mem 0xda000000-0xda0fffff 64bit pref]
[    1.572517] pci_bus 0000:19: resource 1 [mem 0xcbe00000-0xcbefffff]
[    1.572519] pci_bus 0000:19: resource 2 [mem 0xda400000-0xda4fffff 64bit pref]
[    1.572521] pci_bus 0000:1a: resource 1 [mem 0xcc200000-0xcc2fffff]
[    1.572523] pci_bus 0000:1a: resource 2 [mem 0xda800000-0xda8fffff 64bit pref]
[    1.572526] pci_bus 0000:1b: resource 0 [io  0x7000-0x7fff]
[    1.572528] pci_bus 0000:1b: resource 1 [mem 0xca700000-0xca7fffff]
[    1.572530] pci_bus 0000:1b: resource 2 [mem 0xd8d00000-0xd8dfffff 64bit pref]
[    1.572532] pci_bus 0000:1c: resource 0 [io  0xb000-0xbfff]
[    1.572534] pci_bus 0000:1c: resource 1 [mem 0xcab00000-0xcabfffff]
[    1.572537] pci_bus 0000:1c: resource 2 [mem 0xd9100000-0xd91fffff 64bit pref]
[    1.572539] pci_bus 0000:1d: resource 1 [mem 0xcaf00000-0xcaffffff]
[    1.572541] pci_bus 0000:1d: resource 2 [mem 0xd9500000-0xd95fffff 64bit pref]
[    1.572543] pci_bus 0000:1e: resource 1 [mem 0xcb300000-0xcb3fffff]
[    1.572546] pci_bus 0000:1e: resource 2 [mem 0xd9900000-0xd99fffff 64bit pref]
[    1.572548] pci_bus 0000:1f: resource 1 [mem 0xcb700000-0xcb7fffff]
[    1.572550] pci_bus 0000:1f: resource 2 [mem 0xd9d00000-0xd9dfffff 64bit pref]
[    1.572552] pci_bus 0000:20: resource 1 [mem 0xcbb00000-0xcbbfffff]
[    1.572555] pci_bus 0000:20: resource 2 [mem 0xda100000-0xda1fffff 64bit pref]
[    1.572557] pci_bus 0000:21: resource 1 [mem 0xcbf00000-0xcbffffff]
[    1.572559] pci_bus 0000:21: resource 2 [mem 0xda500000-0xda5fffff 64bit pref]
[    1.572561] pci_bus 0000:22: resource 1 [mem 0xcc300000-0xcc3fffff]
[    1.572563] pci_bus 0000:22: resource 2 [mem 0xda900000-0xda9fffff 64bit pref]
[    1.572708] NET: Registered protocol family 2
[    1.573080] TCP established hash table entries: 8192 (order: 5, 131072 bytes)
[    1.573661] TCP bind hash table entries: 8192 (order: 5, 131072 bytes)
[    1.574137] TCP: Hash tables configured (established 8192 bind 8192)
[    1.574636] TCP: reno registered
[    1.574644] UDP hash table entries: 512 (order: 2, 16384 bytes)
[    1.574707] UDP-Lite hash table entries: 512 (order: 2, 16384 bytes)
[    1.575065] NET: Registered protocol family 1
[    1.575075] pci 0000:00:00.0: Limiting direct PCI/PCI transfers
[    1.575162] pci 0000:00:0f.0: Boot video device
[    1.576564] PCI: CLS mismatch (32 != 64), using 64 bytes
[    1.577228] Trying to unpack rootfs image as initramfs...
[    3.070575] Freeing initrd memory: 17048K (ffff880035ea4000 - ffff880036f4a000)
[    3.070634] Simple Boot Flag at 0x36 set to 0x80
[    3.070685] Switched to clocksource tsc
[    3.070807] Scanning for low memory corruption every 60 seconds
[    3.071600] Initialise module verification
[    3.071663] audit: initializing netlink socket (disabled)
[    3.071674] type=2000 audit(1409487324.298:1): initialized
[    3.165215] bounce pool size: 64 pages
[    3.165227] HugeTLB registered 2 MB page size, pre-allocated 0 pages
[    3.166322] zbud: loaded
[    3.166446] VFS: Disk quotas dquot_6.5.2
[    3.166490] Dquot-cache hash table entries: 512 (order 0, 4096 bytes)
[    3.166987] fuse init (API version 7.22)
[    3.167074] msgmni has been set to 1975
[    3.167504] Key type asymmetric registered
[    3.167507] Asymmetric key parser 'x509' registered
[    3.167539] Block layer SCSI generic (bsg) driver version 0.4 loaded (major 252)
[    3.167582] io scheduler noop registered
[    3.167584] io scheduler deadline registered (default)
[    3.167607] io scheduler cfq registered
[    3.167961] pcieport 0000:00:15.0: irq 40 for MSI/MSI-X
[    3.168668] pcieport 0000:00:15.1: irq 41 for MSI/MSI-X
[    3.169360] pcieport 0000:00:15.2: irq 42 for MSI/MSI-X
[    3.170069] pcieport 0000:00:15.3: irq 43 for MSI/MSI-X
[    3.170749] pcieport 0000:00:15.4: irq 44 for MSI/MSI-X
[    3.171411] pcieport 0000:00:15.5: irq 45 for MSI/MSI-X
[    3.172087] pcieport 0000:00:15.6: irq 46 for MSI/MSI-X
[    3.172808] pcieport 0000:00:15.7: irq 47 for MSI/MSI-X
[    3.173487] pcieport 0000:00:16.0: irq 48 for MSI/MSI-X
[    3.174152] pcieport 0000:00:16.1: irq 49 for MSI/MSI-X
[    3.174809] pcieport 0000:00:16.2: irq 50 for MSI/MSI-X
[    3.175497] pcieport 0000:00:16.3: irq 51 for MSI/MSI-X
[    3.176333] pcieport 0000:00:16.4: irq 52 for MSI/MSI-X
[    3.177023] pcieport 0000:00:16.5: irq 53 for MSI/MSI-X
[    3.177662] pcieport 0000:00:16.6: irq 54 for MSI/MSI-X
[    3.178288] pcieport 0000:00:16.7: irq 55 for MSI/MSI-X
[    3.178878] pcieport 0000:00:17.0: irq 56 for MSI/MSI-X
[    3.212835] pcieport 0000:00:17.1: irq 57 for MSI/MSI-X
[    3.213431] pcieport 0000:00:17.2: irq 58 for MSI/MSI-X
[    3.214047] pcieport 0000:00:17.3: irq 59 for MSI/MSI-X
[    3.214650] pcieport 0000:00:17.4: irq 60 for MSI/MSI-X
[    3.215236] pcieport 0000:00:17.5: irq 61 for MSI/MSI-X
[    3.215835] pcieport 0000:00:17.6: irq 62 for MSI/MSI-X
[    3.216440] pcieport 0000:00:17.7: irq 63 for MSI/MSI-X
[    3.217033] pcieport 0000:00:18.0: irq 64 for MSI/MSI-X
[    3.217632] pcieport 0000:00:18.1: irq 65 for MSI/MSI-X
[    3.218245] pcieport 0000:00:18.2: irq 66 for MSI/MSI-X
[    3.218841] pcieport 0000:00:18.3: irq 67 for MSI/MSI-X
[    3.219441] pcieport 0000:00:18.4: irq 68 for MSI/MSI-X
[    3.220028] pcieport 0000:00:18.5: irq 69 for MSI/MSI-X
[    3.220709] pcieport 0000:00:18.6: irq 70 for MSI/MSI-X
[    3.221753] pcieport 0000:00:18.7: irq 71 for MSI/MSI-X
[    3.222604] pcieport 0000:00:15.0: Signaling PME through PCIe PME interrupt
[    3.222642] pcie_pme 0000:00:15.0:pcie01: service driver pcie_pme loaded
[    3.222822] pcieport 0000:00:15.1: Signaling PME through PCIe PME interrupt
[    3.222862] pcie_pme 0000:00:15.1:pcie01: service driver pcie_pme loaded
[    3.223036] pcieport 0000:00:15.2: Signaling PME through PCIe PME interrupt
[    3.223087] pcie_pme 0000:00:15.2:pcie01: service driver pcie_pme loaded
[    3.223267] pcieport 0000:00:15.3: Signaling PME through PCIe PME interrupt
[    3.223305] pcie_pme 0000:00:15.3:pcie01: service driver pcie_pme loaded
[    3.223507] pcieport 0000:00:15.4: Signaling PME through PCIe PME interrupt
[    3.223547] pcie_pme 0000:00:15.4:pcie01: service driver pcie_pme loaded
[    3.223721] pcieport 0000:00:15.5: Signaling PME through PCIe PME interrupt
[    3.223758] pcie_pme 0000:00:15.5:pcie01: service driver pcie_pme loaded
[    3.223932] pcieport 0000:00:15.6: Signaling PME through PCIe PME interrupt
[    3.223970] pcie_pme 0000:00:15.6:pcie01: service driver pcie_pme loaded
[    3.224143] pcieport 0000:00:15.7: Signaling PME through PCIe PME interrupt
[    3.224184] pcie_pme 0000:00:15.7:pcie01: service driver pcie_pme loaded
[    3.224372] pcieport 0000:00:16.0: Signaling PME through PCIe PME interrupt
[    3.224410] pcie_pme 0000:00:16.0:pcie01: service driver pcie_pme loaded
[    3.224635] pcieport 0000:00:16.1: Signaling PME through PCIe PME interrupt
[    3.224675] pcie_pme 0000:00:16.1:pcie01: service driver pcie_pme loaded
[    3.224847] pcieport 0000:00:16.2: Signaling PME through PCIe PME interrupt
[    3.224884] pcie_pme 0000:00:16.2:pcie01: service driver pcie_pme loaded
[    3.225057] pcieport 0000:00:16.3: Signaling PME through PCIe PME interrupt
[    3.225093] pcie_pme 0000:00:16.3:pcie01: service driver pcie_pme loaded
[    3.225271] pcieport 0000:00:16.4: Signaling PME through PCIe PME interrupt
[    3.225307] pcie_pme 0000:00:16.4:pcie01: service driver pcie_pme loaded
[    3.225468] pcieport 0000:00:16.5: Signaling PME through PCIe PME interrupt
[    3.225506] pcie_pme 0000:00:16.5:pcie01: service driver pcie_pme loaded
[    3.225656] pcieport 0000:00:16.6: Signaling PME through PCIe PME interrupt
[    3.225681] pcie_pme 0000:00:16.6:pcie01: service driver pcie_pme loaded
[    3.225803] pcieport 0000:00:16.7: Signaling PME through PCIe PME interrupt
[    3.225828] pcie_pme 0000:00:16.7:pcie01: service driver pcie_pme loaded
[    3.225944] pcieport 0000:00:17.0: Signaling PME through PCIe PME interrupt
[    3.225969] pcie_pme 0000:00:17.0:pcie01: service driver pcie_pme loaded
[    3.226084] pcieport 0000:00:17.1: Signaling PME through PCIe PME interrupt
[    3.226109] pcie_pme 0000:00:17.1:pcie01: service driver pcie_pme loaded
[    3.226229] pcieport 0000:00:17.2: Signaling PME through PCIe PME interrupt
[    3.226254] pcie_pme 0000:00:17.2:pcie01: service driver pcie_pme loaded
[    3.226374] pcieport 0000:00:17.3: Signaling PME through PCIe PME interrupt
[    3.226399] pcie_pme 0000:00:17.3:pcie01: service driver pcie_pme loaded
[    3.226522] pcieport 0000:00:17.4: Signaling PME through PCIe PME interrupt
[    3.226547] pcie_pme 0000:00:17.4:pcie01: service driver pcie_pme loaded
[    3.226666] pcieport 0000:00:17.5: Signaling PME through PCIe PME interrupt
[    3.226693] pcie_pme 0000:00:17.5:pcie01: service driver pcie_pme loaded
[    3.226815] pcieport 0000:00:17.6: Signaling PME through PCIe PME interrupt
[    3.226840] pcie_pme 0000:00:17.6:pcie01: service driver pcie_pme loaded
[    3.226955] pcieport 0000:00:17.7: Signaling PME through PCIe PME interrupt
[    3.226980] pcie_pme 0000:00:17.7:pcie01: service driver pcie_pme loaded
[    3.227095] pcieport 0000:00:18.0: Signaling PME through PCIe PME interrupt
[    3.227121] pcie_pme 0000:00:18.0:pcie01: service driver pcie_pme loaded
[    3.227240] pcieport 0000:00:18.1: Signaling PME through PCIe PME interrupt
[    3.227264] pcie_pme 0000:00:18.1:pcie01: service driver pcie_pme loaded
[    3.227379] pcieport 0000:00:18.2: Signaling PME through PCIe PME interrupt
[    3.227404] pcie_pme 0000:00:18.2:pcie01: service driver pcie_pme loaded
[    3.227533] pcieport 0000:00:18.3: Signaling PME through PCIe PME interrupt
[    3.227559] pcie_pme 0000:00:18.3:pcie01: service driver pcie_pme loaded
[    3.227678] pcieport 0000:00:18.4: Signaling PME through PCIe PME interrupt
[    3.227703] pcie_pme 0000:00:18.4:pcie01: service driver pcie_pme loaded
[    3.227822] pcieport 0000:00:18.5: Signaling PME through PCIe PME interrupt
[    3.227846] pcie_pme 0000:00:18.5:pcie01: service driver pcie_pme loaded
[    3.227963] pcieport 0000:00:18.6: Signaling PME through PCIe PME interrupt
[    3.227991] pcie_pme 0000:00:18.6:pcie01: service driver pcie_pme loaded
[    3.228107] pcieport 0000:00:18.7: Signaling PME through PCIe PME interrupt
[    3.228132] pcie_pme 0000:00:18.7:pcie01: service driver pcie_pme loaded
[    3.228158] pci_hotplug: PCI Hot Plug PCI Core version: 0.5
[    3.228727] pciehp 0000:00:15.0:pcie04: HPC vendor_id 15ad device_id 7a0 ss_vid 15ad ss_did 7a0
[    3.228822] pciehp 0000:00:15.0:pcie04: service driver pciehp loaded
[    3.228891] pciehp 0000:00:15.1:pcie04: HPC vendor_id 15ad device_id 7a0 ss_vid 15ad ss_did 7a0
[    3.262325] pciehp 0000:00:15.1:pcie04: service driver pciehp loaded
[    3.262393] pciehp 0000:00:15.2:pcie04: HPC vendor_id 15ad device_id 7a0 ss_vid 15ad ss_did 7a0
[    3.262475] pciehp 0000:00:15.2:pcie04: service driver pciehp loaded
[    3.262543] pciehp 0000:00:15.3:pcie04: HPC vendor_id 15ad device_id 7a0 ss_vid 15ad ss_did 7a0
[    3.262619] pciehp 0000:00:15.3:pcie04: service driver pciehp loaded
[    3.262688] pciehp 0000:00:15.4:pcie04: HPC vendor_id 15ad device_id 7a0 ss_vid 15ad ss_did 7a0
[    3.262791] pciehp 0000:00:15.4:pcie04: service driver pciehp loaded
[    3.262868] pciehp 0000:00:15.5:pcie04: HPC vendor_id 15ad device_id 7a0 ss_vid 15ad ss_did 7a0
[    3.262979] pciehp 0000:00:15.5:pcie04: service driver pciehp loaded
[    3.263079] pciehp 0000:00:15.6:pcie04: HPC vendor_id 15ad device_id 7a0 ss_vid 15ad ss_did 7a0
[    3.263163] pciehp 0000:00:15.6:pcie04: service driver pciehp loaded
[    3.263231] pciehp 0000:00:15.7:pcie04: HPC vendor_id 15ad device_id 7a0 ss_vid 15ad ss_did 7a0
[    3.263307] pciehp 0000:00:15.7:pcie04: service driver pciehp loaded
[    3.263396] pciehp 0000:00:16.0:pcie04: HPC vendor_id 15ad device_id 7a0 ss_vid 15ad ss_did 7a0
[    3.263476] pciehp 0000:00:16.0:pcie04: service driver pciehp loaded
[    3.263545] pciehp 0000:00:16.1:pcie04: HPC vendor_id 15ad device_id 7a0 ss_vid 15ad ss_did 7a0
[    3.263620] pciehp 0000:00:16.1:pcie04: service driver pciehp loaded
[    3.263688] pciehp 0000:00:16.2:pcie04: HPC vendor_id 15ad device_id 7a0 ss_vid 15ad ss_did 7a0
[    3.263763] pciehp 0000:00:16.2:pcie04: service driver pciehp loaded
[    3.263850] pciehp 0000:00:16.3:pcie04: HPC vendor_id 15ad device_id 7a0 ss_vid 15ad ss_did 7a0
[    3.263935] pciehp 0000:00:16.3:pcie04: service driver pciehp loaded
[    3.264023] pciehp 0000:00:16.4:pcie04: HPC vendor_id 15ad device_id 7a0 ss_vid 15ad ss_did 7a0
[    3.264137] pciehp 0000:00:16.4:pcie04: service driver pciehp loaded
[    3.264214] pciehp 0000:00:16.5:pcie04: HPC vendor_id 15ad device_id 7a0 ss_vid 15ad ss_did 7a0
[    3.264294] pciehp 0000:00:16.5:pcie04: service driver pciehp loaded
[    3.264366] pciehp 0000:00:16.6:pcie04: HPC vendor_id 15ad device_id 7a0 ss_vid 15ad ss_did 7a0
[    3.264445] pciehp 0000:00:16.6:pcie04: service driver pciehp loaded
[    3.264514] pciehp 0000:00:16.7:pcie04: HPC vendor_id 15ad device_id 7a0 ss_vid 15ad ss_did 7a0
[    3.264592] pciehp 0000:00:16.7:pcie04: service driver pciehp loaded
[    3.264661] pciehp 0000:00:17.0:pcie04: HPC vendor_id 15ad device_id 7a0 ss_vid 15ad ss_did 7a0
[    3.264736] pciehp 0000:00:17.0:pcie04: service driver pciehp loaded
[    3.264806] pciehp 0000:00:17.1:pcie04: HPC vendor_id 15ad device_id 7a0 ss_vid 15ad ss_did 7a0
[    3.264885] pciehp 0000:00:17.1:pcie04: service driver pciehp loaded
[    3.264954] pciehp 0000:00:17.2:pcie04: HPC vendor_id 15ad device_id 7a0 ss_vid 15ad ss_did 7a0
[    3.265029] pciehp 0000:00:17.2:pcie04: service driver pciehp loaded
[    3.265098] pciehp 0000:00:17.3:pcie04: HPC vendor_id 15ad device_id 7a0 ss_vid 15ad ss_did 7a0
[    3.265173] pciehp 0000:00:17.3:pcie04: service driver pciehp loaded
[    3.265242] pciehp 0000:00:17.4:pcie04: HPC vendor_id 15ad device_id 7a0 ss_vid 15ad ss_did 7a0
[    3.265322] pciehp 0000:00:17.4:pcie04: service driver pciehp loaded
[    3.265391] pciehp 0000:00:17.5:pcie04: HPC vendor_id 15ad device_id 7a0 ss_vid 15ad ss_did 7a0
[    3.265467] pciehp 0000:00:17.5:pcie04: service driver pciehp loaded
[    3.265535] pciehp 0000:00:17.6:pcie04: HPC vendor_id 15ad device_id 7a0 ss_vid 15ad ss_did 7a0
[    3.265610] pciehp 0000:00:17.6:pcie04: service driver pciehp loaded
[    3.265682] pciehp 0000:00:17.7:pcie04: HPC vendor_id 15ad device_id 7a0 ss_vid 15ad ss_did 7a0
[    3.265757] pciehp 0000:00:17.7:pcie04: service driver pciehp loaded
[    3.265888] pciehp 0000:00:18.0:pcie04: HPC vendor_id 15ad device_id 7a0 ss_vid 15ad ss_did 7a0
[    3.265964] pciehp 0000:00:18.0:pcie04: service driver pciehp loaded
[    3.266034] pciehp 0000:00:18.1:pcie04: HPC vendor_id 15ad device_id 7a0 ss_vid 15ad ss_did 7a0
[    3.266109] pciehp 0000:00:18.1:pcie04: service driver pciehp loaded
[    3.266178] pciehp 0000:00:18.2:pcie04: HPC vendor_id 15ad device_id 7a0 ss_vid 15ad ss_did 7a0
[    3.266275] pciehp 0000:00:18.2:pcie04: service driver pciehp loaded
[    3.266348] pciehp 0000:00:18.3:pcie04: HPC vendor_id 15ad device_id 7a0 ss_vid 15ad ss_did 7a0
[    3.266429] pciehp 0000:00:18.3:pcie04: service driver pciehp loaded
[    3.266513] pciehp 0000:00:18.4:pcie04: HPC vendor_id 15ad device_id 7a0 ss_vid 15ad ss_did 7a0
[    3.266619] pciehp 0000:00:18.4:pcie04: service driver pciehp loaded
[    3.266719] pciehp 0000:00:18.5:pcie04: HPC vendor_id 15ad device_id 7a0 ss_vid 15ad ss_did 7a0
[    3.266861] pciehp 0000:00:18.5:pcie04: service driver pciehp loaded
[    3.266962] pciehp 0000:00:18.6:pcie04: HPC vendor_id 15ad device_id 7a0 ss_vid 15ad ss_did 7a0
[    3.267072] pciehp 0000:00:18.6:pcie04: service driver pciehp loaded
[    3.267142] pciehp 0000:00:18.7:pcie04: HPC vendor_id 15ad device_id 7a0 ss_vid 15ad ss_did 7a0
[    3.267221] pciehp 0000:00:18.7:pcie04: service driver pciehp loaded
[    3.267229] pciehp: PCI Express Hot Plug Controller Driver version: 0.4
[    3.267296] intel_idle: does not run on family 6 model 58
[    3.267526] ACPI: AC Adapter [ACAD] (on-line)
[    3.267736] input: Power Button as /devices/LNXSYSTM:00/LNXPWRBN:00/input/input0
[    3.267742] ACPI: Power Button [PWRF]
[    3.267946] GHES: HEST is not enabled!
[    3.268018] Serial: 8250/16550 driver, 32 ports, IRQ sharing enabled
[    3.362703] 00:09: ttyS0 at I/O 0x3f8 (irq = 4) is a 16550A
[    3.421317] 00:0a: ttyS1 at I/O 0x2f8 (irq = 3) is a 16550A
[    3.422537] Linux agpgart interface v0.103
[    3.422620] agpgart-intel 0000:00:00.0: Intel 440BX Chipset
[    3.423027] agpgart-intel 0000:00:00.0: AGP aperture is 256M @ 0x0
[    3.424220] brd: module loaded
[    3.424745] loop: module loaded
[    3.424813] megasas: 06.600.18.00-rc1 Wed. May. 15 17:00:00 PDT 2013
[    3.424868] ata_piix 0000:00:07.1: version 2.13
[    3.425281] scsi0 : ata_piix
[    3.425338] scsi1 : ata_piix
[    3.425366] ata1: PATA max UDMA/33 cmd 0x1f0 ctl 0x3f6 bmdma 0x10c0 irq 14
[    3.425368] ata2: PATA max UDMA/33 cmd 0x170 ctl 0x376 bmdma 0x10c8 irq 15
[    3.425586] libphy: Fixed MDIO Bus: probed
[    3.425653] tun: Universal TUN/TAP device driver, 1.6
[    3.425654] tun: (C) 1999-2004 Max Krasnyansky <maxk@qualcomm.com>
[    3.425740] PPP generic driver version 2.4.2
[    3.425780] ehci_hcd: USB 2.0 'Enhanced' Host Controller (EHCI) Driver
[    3.425782] ehci-pci: EHCI PCI platform driver
[    3.426128] ehci-pci 0000:02:03.0: EHCI Host Controller
[    3.426139] ehci-pci 0000:02:03.0: new USB bus registered, assigned bus number 1
[    3.426360] ehci-pci 0000:02:03.0: cache line size of 64 is not supported
[    3.426382] ehci-pci 0000:02:03.0: irq 17, io mem 0xc9010000
[    3.470647] ehci-pci 0000:02:03.0: USB 2.0 started, EHCI 1.00
[    3.470690] usb usb1: New USB device found, idVendor=1d6b, idProduct=0002
[    3.470693] usb usb1: New USB device strings: Mfr=3, Product=2, SerialNumber=1
[    3.470695] usb usb1: Product: EHCI Host Controller
[    3.470697] usb usb1: Manufacturer: Linux 3.11.0-15-generic ehci_hcd
[    3.470699] usb usb1: SerialNumber: 0000:02:03.0
[    3.470863] hub 1-0:1.0: USB hub found
[    3.470868] hub 1-0:1.0: 6 ports detected
[    3.471051] ehci-platform: EHCI generic platform driver
[    3.471060] ohci_hcd: USB 1.1 'Open' Host Controller (OHCI) Driver
[    3.471062] ohci-pci: OHCI PCI platform driver
[    3.471073] ohci-platform: OHCI generic platform driver
[    3.471080] uhci_hcd: USB Universal Host Controller Interface driver
[    3.471388] uhci_hcd 0000:02:00.0: UHCI Host Controller
[    3.471395] uhci_hcd 0000:02:00.0: new USB bus registered, assigned bus number 2
[    3.471662] uhci_hcd 0000:02:00.0: irq 18, io base 0x00002080
[    3.471830] usb usb2: New USB device found, idVendor=1d6b, idProduct=0001
[    3.471833] usb usb2: New USB device strings: Mfr=3, Product=2, SerialNumber=1
[    3.471835] usb usb2: Product: UHCI Host Controller
[    3.471837] usb usb2: Manufacturer: Linux 3.11.0-15-generic uhci_hcd
[    3.471839] usb usb2: SerialNumber: 0000:02:00.0
[    3.471921] hub 2-0:1.0: USB hub found
[    3.471926] hub 2-0:1.0: 2 ports detected
[    3.472122] i8042: PNP: PS/2 Controller [PNP0303:KBC,PNP0f13:MOUS] at 0x60,0x64 irq 1,12
[    5.123418] serio: i8042 KBD port at 0x60,0x64 irq 1
[    5.123427] serio: i8042 AUX port at 0x60,0x64 irq 12
[    5.123555] mousedev: PS/2 mouse device common for all mice
[    5.178042] rtc_cmos 00:03: rtc core: registered rtc_cmos as rtc0
[    5.198733] rtc_cmos 00:03: alarms up to one month, y3k, 114 bytes nvram, hpet irqs
[    5.198800] device-mapper: uevent: version 1.0.3
[    5.198862] device-mapper: ioctl: 4.25.0-ioctl (2013-06-26) initialised: dm-devel@redhat.com
[    5.198908] cpuidle: using governor ladder
[    5.198910] cpuidle: using governor menu
[    5.198940] ledtrig-cpu: registered to indicate activity on CPUs
[    5.199015] TCP: cubic registered
[    5.199098] NET: Registered protocol family 10
[    5.199593] NET: Registered protocol family 17
[    5.199680] Key type dns_resolver registered
[    5.200012] PM: Hibernation image not present or could not be loaded.
[    5.200018] Loading module verification certificates
[    5.213747] MODSIGN: Loaded cert 'Magrathea: Glacier signing key: e20ade5b3af83aaa8563f0ef4119a030c4d3ffdb'
[    5.213821] registered taskstats version 1
[    5.215542] input: AT Translated Set 2 keyboard as /devices/platform/i8042/serio0/input/input1
[    5.216699] Key type trusted registered
[    5.217691] ata2.00: ATAPI: VMware Virtual IDE CDROM Drive, 00000001, max UDMA/33
[    5.218901] Key type encrypted registered
[    5.220809] AppArmor: AppArmor sha1 policy hashing enabled
[    5.226047]   Magic number: 10:334:280
[    5.226085] tty tty17: hash matches
[    5.226187] rtc_cmos 00:03: setting system clock to 2014-08-31 12:15:24 UTC (1409487324)
[    5.226254] BIOS EDD facility v0.16 2004-Jun-25, 0 devices found
[    5.226255] EDD information not available.
[    5.267353] ata2.00: configured for UDMA/33
[    5.267916] scsi 1:0:0:0: CD-ROM            NECVMWar VMware IDE CDR10 1.00 PQ: 0 ANSI: 5
[    5.268537] sr0: scsi3-mmc drive: 1x/1x writer dvd-ram cd/rw xa/form2 cdda tray
[    5.268541] cdrom: Uniform CD-ROM driver Revision: 3.20
[    5.268636] sr 1:0:0:0: Attached scsi CD-ROM sr0
[    5.268813] sr 1:0:0:0: Attached scsi generic sg0 type 5
[    5.269872] Freeing unused kernel memory: 1392K (ffffffff81d0f000 - ffffffff81e6b000)
[    5.269875] Write protecting the kernel read-only data: 12288k
[    5.271389] Freeing unused kernel memory: 672K (ffff880001758000 - ffff880001800000)
[    5.271451] Freeing unused kernel memory: 20K (ffff880001bfb000 - ffff880001c00000)
[    5.322366] usb 2-1: new full-speed USB device number 2 using uhci_hcd
[    5.322530] udevd[158]: starting version 175
[    5.376175] VMware vmxnet3 virtual NIC driver - version 1.1.30.0-k-NAPI
[    5.417508] VMware PVSCSI driver - version 1.0.2.0-k
[    5.566610] usb 2-1: New USB device found, idVendor=0e0f, idProduct=0003
[    5.566615] usb 2-1: New USB device strings: Mfr=1, Product=2, SerialNumber=0
[    5.566618] usb 2-1: Product: VMware Virtual USB Mouse
[    5.566620] usb 2-1: Manufacturer: VMware
[    5.722306] usb 2-2: new full-speed USB device number 3 using uhci_hcd
[    5.828956] Fusion MPT base driver 3.04.20
[    5.828960] Copyright (c) 1999-2008 LSI Corporation
[    5.869043] e1000: Intel(R) PRO/1000 Network Driver - version 7.3.21-k8-NAPI
[    5.869047] e1000: Copyright (c) 1999-2006 Intel Corporation.
[    5.869460] e1000 0000:02:01.0: setting latency timer to 64
[    5.871643] Floppy drive(s): fd0 is 1.44M
[    5.874675] Fusion MPT SPI Host driver 3.04.20
[    5.913861] mptbase: ioc0: Initiating bringup
[    5.916981] FDC 0 is a post-1991 82077
[    6.874777] usb 2-2: New USB device found, idVendor=0e0f, idProduct=0002
[    6.874782] usb 2-2: New USB device strings: Mfr=0, Product=1, SerialNumber=0
[    6.874785] usb 2-2: Product: VMware Virtual USB Hub
[    7.017042] e1000 0000:02:01.0 eth0: (PCI:66MHz:32-bit) 00:0c:29:75:29:d4
[    7.017053] e1000 0000:02:01.0 eth0: Intel(R) PRO/1000 Network Connection
[    7.071218] ioc0: LSI53C1030 B0: Capabilities={Initiator}
[    7.080456] hub 2-2:1.0: USB hub found
[    7.117787] hub 2-2:1.0: 7 ports detected
[    7.170198] hidraw: raw HID events driver (C) Jiri Kosina
[    7.177698] usbcore: registered new interface driver usbhid
[    7.177701] usbhid: USB HID core driver
[    7.215486] input: VMware VMware Virtual USB Mouse as /devices/pci0000:00/0000:00:11.0/0000:02:00.0/usb2/2-1/2-1:1.0/input/input2
[    7.215680] hid-generic 0003:0E0F:0003.0001: input,hidraw0: USB HID v1.10 Mouse [VMware VMware Virtual USB Mouse] on usb-0000:02:00.0-1/input0
[    7.217731] input: VMware VMware Virtual USB Mouse as /devices/pci0000:00/0000:00:11.0/0000:02:00.0/usb2/2-1/2-1:1.1/input/input3
[    7.217939] hid-generic 0003:0E0F:0003.0002: input,hidraw1: USB HID v1.10 Mouse [VMware VMware Virtual USB Mouse] on usb-0000:02:00.0-1/input1
[    7.614876] usb 2-2.1: new full-speed USB device number 4 using uhci_hcd
[    7.616838] scsi2 : ioc0: LSI53C1030 B0, FwRev=01032920h, Ports=1, MaxQ=128, IRQ=17
[    7.920337] usb 2-2.1: New USB device found, idVendor=0e0f, idProduct=0008
[    7.920352] usb 2-2.1: New USB device strings: Mfr=1, Product=2, SerialNumber=3
[    7.920361] usb 2-2.1: Product: Virtual Bluetooth Adapter
[    7.920370] usb 2-2.1: Manufacturer: VMware
[    7.920376] usb 2-2.1: SerialNumber: 000650268328
[    7.927475] scsi 2:0:0:0: Direct-Access     VMware,  VMware Virtual S 1.0  PQ: 0 ANSI: 2
[    7.927507] scsi target2:0:0: Beginning Domain Validation
[    7.929574] scsi target2:0:0: Domain Validation skipping write tests
[    7.929583] scsi target2:0:0: Ending Domain Validation
[    7.929681] scsi target2:0:0: FAST-40 WIDE SCSI 80.0 MB/s ST (25 ns, offset 127)
[    7.971951] sd 2:0:0:0: [sda] 41943040 512-byte logical blocks: (21.4 GB/20.0 GiB)
[    7.972096] sd 2:0:0:0: [sda] Write Protect is off
[    7.972146] sd 2:0:0:0: [sda] Mode Sense: 61 00 00 00
[    7.972414] sd 2:0:0:0: [sda] Cache data unavailable
[    7.972423] sd 2:0:0:0: [sda] Assuming drive cache: write through
[    7.973461] sd 2:0:0:0: [sda] Cache data unavailable
[    7.973470] sd 2:0:0:0: [sda] Assuming drive cache: write through
[    7.974251] sd 2:0:0:0: Attached scsi generic sg1 type 0
[    8.027730]  sda: sda1 sda2 < sda5 >
[    8.029540] sd 2:0:0:0: [sda] Cache data unavailable
[    8.029553] sd 2:0:0:0: [sda] Assuming drive cache: write through
[    8.029745] sd 2:0:0:0: [sda] Attached SCSI disk
[    8.515257] EXT4-fs (sda1): INFO: recovery required on readonly filesystem
[    8.515269] EXT4-fs (sda1): write access will be enabled during recovery
[   11.031613] EXT4-fs (sda1): orphan cleanup on readonly fs
[   11.660421] EXT4-fs (sda1): 497 orphan inodes deleted
[   11.660425] EXT4-fs (sda1): recovery complete
[   11.702785] EXT4-fs (sda1): mounted filesystem with ordered data mode. Opts: (null)
[   13.347255] init: ureadahead main process (332) terminated with status 5
[   14.145066] Adding 1046524k swap on /dev/sda5.  Priority:-1 extents:1 across:1046524k FS
[   14.438259] EXT4-fs (sda1): re-mounted. Opts: errors=remount-ro
[   15.114835] IPv6: ADDRCONF(NETDEV_UP): eth0: link is not ready
[   15.342287] udevd[551]: starting version 175
[   16.075743] piix4_smbus 0000:00:07.3: Host SMBus controller not enabled!
[   16.163135] [drm] Initialized drm 1.1.0 20060810
[   16.255576] vmw_vmci 0000:00:07.7: Found VMCI PCI device at 0x11080, irq 16
[   16.255658] vmw_vmci 0000:00:07.7: Using capabilities 0xc
[   16.255867] vmw_vmci 0000:00:07.7: irq 72 for MSI/MSI-X
[   16.255921] vmw_vmci 0000:00:07.7: irq 73 for MSI/MSI-X
[   16.256299] Guest personality initialized and is active
[   16.256363] VMCI host device registered (name=vmci, major=10, minor=57)
[   16.256365] Initialized host personality
[   16.294944] [drm] Capabilities:
[   16.294947] [drm]   Rect copy.
[   16.294948] [drm]   Cursor.
[   16.294949] [drm]   Cursor bypass.
[   16.294950] [drm]   Cursor bypass 2.
[   16.294951] [drm]   8bit emulation.
[   16.294951] [drm]   Alpha cursor.
[   16.294952] [drm]   Extended Fifo.
[   16.294952] [drm]   Multimon.
[   16.294953] [drm]   Pitchlock.
[   16.294954] [drm]   Irq mask.
[   16.294954] [drm]   Display Topology.
[   16.294955] [drm]   GMR.
[   16.294956] [drm]   Traces.
[   16.294957] [drm]   GMR2.
[   16.294957] [drm]   Screen Object 2.
[   16.294958] [drm] Max GMR ids is 64
[   16.294959] [drm] Max GMR descriptors is 4096
[   16.294960] [drm] Max number of GMR pages is 196608
[   16.294961] [drm] Max dedicated hypervisor surface memory is 786432 kiB
[   16.294962] [drm] VRAM at 0xd0000000 size is 32768 kiB
[   16.294963] [drm] MMIO at 0xc8800000 size is 2048 kiB
[   16.294965] [drm] global init.
[   16.299898] [TTM] Zone  kernel: Available graphics memory: 506718 kiB
[   16.299901] [TTM] Initializing pool allocator
[   16.299905] [TTM] Initializing DMA pool allocator
[   16.300319] [drm] Supports vblank timestamp caching Rev 1 (10.10.2010).
[   16.300321] [drm] No driver support for vblank timestamp query.
[   16.300389] [drm] Screen objects system initialized
[   16.300444] [drm] width 640
[   16.300455] [drm] height 480
[   16.300466] [drm] bpp 32
[   16.305991] [drm] Fifo max 0x00200000 min 0x00001000 cap 0x0000077f
[   16.315875] lp: driver loaded but no devices found
[   16.373107] fbcon: svgadrmfb (fb0) is primary device
[   16.400774] parport_pc 00:08: reported by Plug and Play ACPI
[   16.400997] parport0: PC-style at 0x378, irq 7 [PCSPP,TRISTATE]
[   16.407515] Console: switching to colour frame buffer device 100x37
[   16.408462] [drm] Initialized vmwgfx 2.4.0 20120209 for 0000:00:0f.0 on minor 0
[   16.413758] shpchp: Standard Hot Plug PCI Controller Driver version: 0.4
[   16.523302] lp0: using parport0 (interrupt-driven).
[   16.809384] ppdev: user-space parallel port driver
[   16.912064] Bluetooth: Core ver 2.16
[   16.913210] NET: Registered protocol family 31
[   16.913214] Bluetooth: HCI device and connection manager initialized
[   16.914142] Bluetooth: HCI socket layer initialized
[   16.914150] Bluetooth: L2CAP socket layer initialized
[   16.914162] Bluetooth: SCO socket layer initialized
[   16.946150] usbcore: registered new interface driver btusb
[   17.046872] input: ImPS/2 Generic Wheel Mouse as /devices/platform/i8042/serio1/input/input4
[   17.332873] Bluetooth: BNEP (Ethernet Emulation) ver 1.3
[   17.332878] Bluetooth: BNEP filters: protocol multicast
[   17.333154] Bluetooth: BNEP socket layer initialized
[   17.361210] Bluetooth: RFCOMM TTY layer initialized
[   17.361229] Bluetooth: RFCOMM socket layer initialized
[   17.361232] Bluetooth: RFCOMM ver 1.11
[   17.807860] type=1400 audit(1409487337.070:2): apparmor="STATUS" operation="profile_load" parent=738 profile="unconfined" name="/sbin/dhclient" pid=783 comm="apparmor_parser"
[   17.807884] type=1400 audit(1409487337.070:3): apparmor="STATUS" operation="profile_load" parent=738 profile="unconfined" name="/usr/lib/NetworkManager/nm-dhcp-client.action" pid=783 comm="apparmor_parser"
[   17.807896] type=1400 audit(1409487337.070:4): apparmor="STATUS" operation="profile_load" parent=738 profile="unconfined" name="/usr/lib/connman/scripts/dhclient-script" pid=783 comm="apparmor_parser"
[   17.809567] type=1400 audit(1409487337.074:5): apparmor="STATUS" operation="profile_replace" parent=742 profile="unconfined" name="/sbin/dhclient" pid=784 comm="apparmor_parser"
[   17.809586] type=1400 audit(1409487337.074:6): apparmor="STATUS" operation="profile_replace" parent=742 profile="unconfined" name="/usr/lib/NetworkManager/nm-dhcp-client.action" pid=784 comm="apparmor_parser"
[   17.809595] type=1400 audit(1409487337.074:7): apparmor="STATUS" operation="profile_replace" parent=742 profile="unconfined" name="/usr/lib/connman/scripts/dhclient-script" pid=784 comm="apparmor_parser"
[   17.811004] type=1400 audit(1409487337.074:8): apparmor="STATUS" operation="profile_replace" parent=742 profile="unconfined" name="/usr/lib/NetworkManager/nm-dhcp-client.action" pid=784 comm="apparmor_parser"
[   17.811017] type=1400 audit(1409487337.074:9): apparmor="STATUS" operation="profile_replace" parent=742 profile="unconfined" name="/usr/lib/connman/scripts/dhclient-script" pid=784 comm="apparmor_parser"
[   17.811725] type=1400 audit(1409487337.074:10): apparmor="STATUS" operation="profile_replace" parent=742 profile="unconfined" name="/usr/lib/connman/scripts/dhclient-script" pid=784 comm="apparmor_parser"
[   17.813705] type=1400 audit(1409487337.078:11): apparmor="STATUS" operation="profile_replace" parent=738 profile="unconfined" name="/usr/lib/NetworkManager/nm-dhcp-client.action" pid=783 comm="apparmor_parser"
[   18.346521] init: failsafe main process (876) killed by TERM signal
[   20.892242] e1000: eth0 NIC Link is Up 1000 Mbps Full Duplex, Flow Control: None
[   20.898713] IPv6: ADDRCONF(NETDEV_UP): eth0: link is not ready
[   20.902135] IPv6: ADDRCONF(NETDEV_CHANGE): eth0: link becomes ready
[   22.452513] init: alsa-restore main process (1033) terminated with status 2
[   30.299946] init: plymouth-stop pre-start process (1719) terminated with status 1
[   32.081882] audit_printk_skb: 171 callbacks suppressed
[   32.081887] type=1400 audit(1409482099.731:69): apparmor="DENIED" operation="capable" parent=1 profile="/usr/sbin/cupsd" pid=870 comm="cupsd" pid=870 comm="cupsd" capability=36  capname="block_suspend"
[   68.952038] type=1400 audit(1409482138.184:70): apparmor="DENIED" operation="open" parent=1 profile="/usr/lib/telepathy/mission-control-5" name="/usr/share/gvfs/remote-volume-monitors/" pid=2527 comm="mission-control" requested_mask="r" denied_mask="r" fsuid=1000 ouid=0
[  485.958715] [sched_delayed] sched: RT throttling activated
[  704.512426] sda1: WRITE SAME failed. Manually zeroing.
[ 8920.365409] e1000: eth0 NIC Link is Down
[ 8927.466339] IPv6: ADDRCONF(NETDEV_UP): eth0: link is not ready
[ 8956.814601] e1000: eth0 NIC Link is Up 1000 Mbps Full Duplex, Flow Control: None
[ 8956.815307] IPv6: ADDRCONF(NETDEV_CHANGE): eth0: link becomes ready
[ 9239.800769] usb 2-2.1: USB disconnect, device number 4
[ 9240.298180] usb 2-2.1: new full-speed USB device number 5 using uhci_hcd
[ 9240.354529] e1000: eth0 NIC Link is Up 1000 Mbps Full Duplex, Flow Control: None
[ 9240.417784] usb 2-2.1: New USB device found, idVendor=0e0f, idProduct=0008
[ 9240.417790] usb 2-2.1: New USB device strings: Mfr=1, Product=2, SerialNumber=3
[ 9240.417793] usb 2-2.1: Product: Virtual Bluetooth Adapter
[ 9240.417796] usb 2-2.1: Manufacturer: VMware
[ 9240.417798] usb 2-2.1: SerialNumber: 000650268328
[10416.602723] end_request: I/O error, dev fd0, sector 0
[11466.533775] end_request: I/O error, dev fd0, sector 0
[28194.220152] e1000: eth0 NIC Link is Down
[28197.141518] e1000: eth0 NIC Link is Up 1000 Mbps Full Duplex, Flow Control: None
[31179.039368] e1000: eth0 NIC Link is Down
[31186.251338] e1000: eth0 NIC Link is Up 1000 Mbps Full Duplex, Flow Control: None
[31205.672132] e1000: eth0 NIC Link is Down
[31217.287237] IPv6: ADDRCONF(NETDEV_UP): eth0: link is not ready
[31263.422257] e1000: eth0 NIC Link is Up 1000 Mbps Full Duplex, Flow Control: None
[31263.422964] IPv6: ADDRCONF(NETDEV_CHANGE): eth0: link becomes ready
[34547.081944] e1000: eth0 NIC Link is Down
[34551.092026] e1000: eth0 NIC Link is Up 1000 Mbps Full Duplex, Flow Control: None
[42173.510269] psmouse serio1: Wheel Mouse at isa0060/serio1/input0 lost synchronization, throwing 1 bytes away.
[42174.491146] psmouse serio1: resync failed, issuing reconnect request
[43927.555278] e1000: eth0 NIC Link is Down
[43994.418255] IPv6: ADDRCONF(NETDEV_UP): eth0: link is not ready
[44016.813252] e1000: eth0 NIC Link is Up 1000 Mbps Full Duplex, Flow Control: None
[44016.813980] IPv6: ADDRCONF(NETDEV_CHANGE): eth0: link becomes ready
[44047.117523] e1000: eth0 NIC Link is Down
[44051.079608] IPv6: ADDRCONF(NETDEV_UP): eth0: link is not ready
[44142.735682] e1000: eth0 NIC Link is Up 1000 Mbps Full Duplex, Flow Control: None
[44142.742257] IPv6: ADDRCONF(NETDEV_CHANGE): eth0: link becomes ready
[47889.265283] BUG: soft lockup - CPU#0 stuck for 25s! [firefox:2904]
